ARM Linker, 5.03 [Build 76] [MDK-ARM Lite]

==============================================================================

Section Cross References

    startup.o(STACK) refers (Special) to heapauxi.o(.text) for __use_two_region_memory
    startup.o(HEAP) refers (Special) to heapauxi.o(.text) for __use_two_region_memory
    startup.o(RESET) refers (Special) to heapauxi.o(.text) for __use_two_region_memory
    startup.o(RESET) refers to startup.o(STACK) for StackMem
    startup.o(RESET) refers to osasm.o(.text) for PendSV_Handler
    startup.o(RESET) refers to os.o(i.SysTick_Handler) for SysTick_Handler
    startup.o(RESET) refers to uart.o(i.UART0_Handler) for UART0_Handler
    startup.o(RESET) refers to adc.o(i.ADC0Seq3_Handler) for ADC0Seq3_Handler
    startup.o(RESET) refers to os.o(i.Timer2A_Handler) for Timer2A_Handler
    startup.o(RESET) refers to os.o(i.GPIOPortF_Handler) for GPIOPortF_Handler
    startup.o(RESET) refers to os.o(i.Timer3A_Handler) for Timer3A_Handler
    startup.o(RESET) refers to __main.o(!!!main) for __main
    startup.o(.text) refers (Special) to heapauxi.o(.text) for __use_two_region_memory
    startup.o(.text) refers to startup.o(HEAP) for HeapMem
    startup.o(.text) refers to startup.o(STACK) for StackMem
    osasm.o(.text) refers to os.o(.data) for RunPt
    os.o(i.GPIOPortF_Handler) refers to os.o(.data) for State4
    os.o(i.OS_AddPeriodicThread) refers to os.o(.data) for TimerFlag
    os.o(i.OS_AddSW1Task) refers to os.o(i.SW_Init) for SW_Init
    os.o(i.OS_AddSW1Task) refers to os.o(.data) for SW1Task
    os.o(i.OS_AddSW2Task) refers to os.o(i.SW_Init) for SW_Init
    os.o(i.OS_AddSW2Task) refers to os.o(.data) for SW2Task
    os.o(i.OS_AddThread) refers to startup.o(.text) for StartCritical
    os.o(i.OS_AddThread) refers to os.o(i.TCB_Fifo_Get) for TCB_Fifo_Get
    os.o(i.OS_AddThread) refers to os.o(i.SetInitialStack) for SetInitialStack
    os.o(i.OS_AddThread) refers to os.o(.data) for TCBCurrentSize
    os.o(i.OS_AddThread) refers to os.o(.bss) for tcbs
    os.o(i.OS_ClearMsTime) refers to os.o(.data) for Counter
    os.o(i.OS_Fifo_Get) refers to os.o(i.OS_Wait) for OS_Wait
    os.o(i.OS_Fifo_Get) refers to os.o(i.OS_Signal) for OS_Signal
    os.o(i.OS_Fifo_Get) refers to os.o(.data) for CurrentSize
    os.o(i.OS_Fifo_Get) refers to os.o(.bss) for Fifo
    os.o(i.OS_Fifo_Init) refers to os.o(i.OS_InitSemaphore) for OS_InitSemaphore
    os.o(i.OS_Fifo_Init) refers to os.o(.bss) for Fifo
    os.o(i.OS_Fifo_Init) refers to os.o(.data) for PutPt
    os.o(i.OS_Fifo_Put) refers to os.o(i.OS_Signal) for OS_Signal
    os.o(i.OS_Fifo_Put) refers to os.o(.data) for CurrentSize
    os.o(i.OS_Fifo_Put) refers to os.o(.bss) for Fifo
    os.o(i.OS_Fifo_Size) refers to os.o(.data) for FIFOmutex
    os.o(i.OS_Id) refers to rt_memcpy_w.o(.text) for __aeabi_memcpy4
    os.o(i.OS_Id) refers to os.o(.data) for RunPt
    os.o(i.OS_Init) refers to osasm.o(.text) for OS_DisableInterrupts
    os.o(i.OS_Init) refers to pll.o(i.PLL_Init) for PLL_Init
    os.o(i.OS_Init) refers to os.o(i.TCB_Fifo_Init) for TCB_Fifo_Init
    os.o(i.OS_Kill) refers to startup.o(.text) for DisableInterrupts
    os.o(i.OS_Kill) refers to os.o(i.TCB_Fifo_Put) for TCB_Fifo_Put
    os.o(i.OS_Kill) refers to os.o(i.OS_Suspend) for OS_Suspend
    os.o(i.OS_Kill) refers to os.o(.data) for RunPt
    os.o(i.OS_Kill) refers to os.o(.bss) for tcbs
    os.o(i.OS_Launch) refers to osasm.o(.text) for StartOS
    os.o(i.OS_Launch) refers to os.o(.data) for TimeSlice
    os.o(i.OS_MailBox_Init) refers to os.o(i.OS_InitSemaphore) for OS_InitSemaphore
    os.o(i.OS_MailBox_Init) refers to os.o(.data) for BoxFree
    os.o(i.OS_MailBox_Recv) refers to os.o(i.OS_Wait) for OS_Wait
    os.o(i.OS_MailBox_Recv) refers to os.o(i.OS_Signal) for OS_Signal
    os.o(i.OS_MailBox_Recv) refers to os.o(.data) for DataValid
    os.o(i.OS_MailBox_Send) refers to os.o(i.OS_Wait) for OS_Wait
    os.o(i.OS_MailBox_Send) refers to os.o(i.OS_Signal) for OS_Signal
    os.o(i.OS_MailBox_Send) refers to os.o(.data) for BoxFree
    os.o(i.OS_MsTime) refers to startup.o(.text) for StartCritical
    os.o(i.OS_MsTime) refers to dflt_clz.o(x$fpl$dfltu) for __aeabi_ui2d
    os.o(i.OS_MsTime) refers to dmul.o(x$fpl$dmul) for __aeabi_dmul
    os.o(i.OS_MsTime) refers to ddiv.o(x$fpl$ddiv) for __aeabi_ddiv
    os.o(i.OS_MsTime) refers to dflt_clz.o(x$fpl$dflt) for __aeabi_i2d
    os.o(i.OS_MsTime) refers to daddsub_clz.o(x$fpl$dsub) for __aeabi_dsub
    os.o(i.OS_MsTime) refers to dfixu.o(x$fpl$dfixu) for __aeabi_d2uiz
    os.o(i.OS_MsTime) refers to os.o(.data) for Counter
    os.o(i.OS_SW1Jitter) refers to os.o(i.OS_Time) for OS_Time
    os.o(i.OS_SW1Jitter) refers to os.o(i.OS_TimeDifference) for OS_TimeDifference
    os.o(i.OS_SW1Jitter) refers to os.o(.data) for ignore
    os.o(i.OS_SW1Jitter) refers to os.o(.bss) for SW1JitterHistogram
    os.o(i.OS_SW2Jitter) refers to os.o(i.OS_Time) for OS_Time
[...]
    lab2.o(i.Testmain5) refers to lab2.o(i.Thread6) for Thread6
    lab2.o(i.Testmain5) refers to lab2.o(i.Thread7) for Thread7
    lab2.o(i.Testmain5) refers to lab2.o(i.TaskA) for TaskA
    lab2.o(i.Testmain5) refers to lab2.o(i.TaskB) for TaskB
    lab2.o(i.Testmain6) refers to os.o(i.OS_Init) for OS_Init
    lab2.o(i.Testmain6) refers to lab2.o(i.add) for add
    lab2.o(i.Testmain6) refers to uart.o(i.UART_Init) for UART_Init
    lab2.o(i.Testmain6) refers to lab2.o(i.PortE_Init) for PortE_Init
    lab2.o(i.Testmain6) refers to lab2.o(i.PortF_Init) for PortF_Init
    lab2.o(i.Testmain6) refers to os.o(i.OS_InitSemaphore) for OS_InitSemaphore
    lab2.o(i.Testmain6) refers to os.o(i.OS_AddPeriodicThread) for OS_AddPeriodicThread
    lab2.o(i.Testmain6) refers to os.o(i.OS_AddThread) for OS_AddThread
    lab2.o(i.Testmain6) refers to os.o(i.OS_Launch) for OS_Launch
    lab2.o(i.Testmain6) refers to lab2.o(.data) for SignalCount1
    lab2.o(i.Testmain6) refers to lab2.o(i.Signal1) for Signal1
    lab2.o(i.Testmain6) refers to lab2.o(i.Signal2) for Signal2
    lab2.o(i.Testmain6) refers to lab2.o(i.Thread6) for Thread6
    lab2.o(i.Testmain6) refers to lab2.o(i.OutputThread) for OutputThread
    lab2.o(i.Testmain6) refers to lab2.o(i.Signal3) for Signal3
    lab2.o(i.Testmain6) refers to lab2.o(i.Wait1) for Wait1
    lab2.o(i.Testmain6) refers to lab2.o(i.Wait2) for Wait2
    lab2.o(i.Testmain6) refers to lab2.o(i.Wait3) for Wait3
    lab2.o(i.Testmain7) refers to lab2.o(i.PortE_Init) for PortE_Init
    lab2.o(i.Testmain7) refers to os.o(i.OS_Init) for OS_Init
    lab2.o(i.Testmain7) refers to os.o(i.OS_AddThread) for OS_AddThread
    lab2.o(i.Testmain7) refers to os.o(i.OS_Launch) for OS_Launch
    lab2.o(i.Testmain7) refers to lab2.o(.data) for NumCreated
    lab2.o(i.Testmain7) refers to lab2.o(i.Thread8) for Thread8
    lab2.o(i.Thread1) refers to os.o(i.OS_Suspend) for OS_Suspend
    lab2.o(i.Thread1) refers to lab2.o(.data) for Count1
    lab2.o(i.Thread1b) refers to os.o(i.OS_Sleep) for OS_Sleep
    lab2.o(i.Thread1b) refers to os.o(i.OS_Time) for OS_Time
    lab2.o(i.Thread1b) refers to uart.o(i.UART_OutUDec) for UART_OutUDec
    lab2.o(i.Thread1b) refers to lab2.o(i.OutCRLF) for OutCRLF
    lab2.o(i.Thread1b) refers to lab2.o(.data) for Count1
    lab2.o(i.Thread2) refers to os.o(i.OS_Suspend) for OS_Suspend
    lab2.o(i.Thread2) refers to lab2.o(.data) for Count2
    lab2.o(i.Thread2b) refers to lab2.o(.data) for Count2
    lab2.o(i.Thread2c) refers to os.o(i.OS_InitSemaphore) for OS_InitSemaphore
    lab2.o(i.Thread2c) refers to os.o(i.OS_AddThread) for OS_AddThread
    lab2.o(i.Thread2c) refers to os.o(i.OS_AddPeriodicThread) for OS_AddPeriodicThread
    lab2.o(i.Thread2c) refers to os.o(i.OS_Wait) for OS_Wait
    lab2.o(i.Thread2c) refers to lab2.o(.data) for Readyc
    lab2.o(i.Thread2c) refers to lab2.o(i.Thread5c) for Thread5c
    lab2.o(i.Thread2c) refers to lab2.o(i.BackgroundThread1c) for BackgroundThread1c
    lab2.o(i.Thread2d) refers to os.o(i.OS_InitSemaphore) for OS_InitSemaphore
    lab2.o(i.Thread2d) refers to os.o(i.OS_bWait) for OS_bWait
    lab2.o(i.Thread2d) refers to lab2.o(.data) for Readyd
    lab2.o(i.Thread3) refers to os.o(i.OS_Suspend) for OS_Suspend
    lab2.o(i.Thread3) refers to lab2.o(.data) for Count3
    lab2.o(i.Thread3b) refers to lab2.o(.data) for Count3
    lab2.o(i.Thread3c) refers to lab2.o(.data) for Count3
    lab2.o(i.Thread3d) refers to lab2.o(.data) for Count3
    lab2.o(i.Thread4c) refers to os.o(i.OS_Sleep) for OS_Sleep
    lab2.o(i.Thread4c) refers to os.o(i.OS_Kill) for OS_Kill
    lab2.o(i.Thread4c) refers to lab2.o(.data) for Count4
    lab2.o(i.Thread4d) refers to os.o(i.OS_Sleep) for OS_Sleep
    lab2.o(i.Thread4d) refers to os.o(i.OS_Kill) for OS_Kill
    lab2.o(i.Thread4d) refers to lab2.o(.data) for Count4
    lab2.o(i.Thread5c) refers to os.o(i.OS_Wait) for OS_Wait
    lab2.o(i.Thread5c) refers to lab2.o(.data) for Readyc
    lab2.o(i.Thread6) refers to lab2.o(.data) for Count1
    lab2.o(i.Thread7) refers to uart.o(i.UART_OutString) for UART_OutString
    lab2.o(i.Thread7) refers to os.o(i.OS_Sleep) for OS_Sleep
    lab2.o(i.Thread7) refers to lab2.o(i.Jitter) for Jitter
    lab2.o(i.Thread7) refers to os.o(i.OS_Kill) for OS_Kill
    lab2.o(i.Wait1) refers to os.o(i.OS_Wait) for OS_Wait
    lab2.o(i.Wait1) refers to lab2.o(.data) for s
    lab2.o(i.Wait2) refers to os.o(i.OS_Wait) for OS_Wait
    lab2.o(i.Wait2) refers to lab2.o(.data) for s
    lab2.o(i.Wait3) refers to os.o(i.OS_Wait) for OS_Wait
    lab2.o(i.Wait3) refers to lab2.o(.data) for s
    lab2.o(i.add) refers to lab2.o(.data) for result
    lab2.o(i.main) refers to lab2.o(i.Testmain5) for Testmain5
    lab2.o(i.realmain) refers to os.o(i.OS_Init) for OS_Init
    lab2.o(i.realmain) refers to lab2.o(i.PortE_Init) for PortE_Init
    lab2.o(i.realmain) refers to uart.o(i.UART_Init) for UART_Init
    lab2.o(i.realmain) refers to st7735.o(i.ST7735_InitR) for ST7735_InitR
    lab2.o(i.realmain) refers to os.o(i.OS_MailBox_Init) for OS_MailBox_Init
    lab2.o(i.realmain) refers to os.o(i.OS_Fifo_Init) for OS_Fifo_Init
    lab2.o(i.realmain) refers to os.o(i.OS_AddSW1Task) for OS_AddSW1Task
    lab2.o(i.realmain) refers to adc.o(i.ADC_Init) for ADC_Init
    lab2.o(i.realmain) refers to os.o(i.OS_AddPeriodicThread) for OS_AddPeriodicThread
    lab2.o(i.realmain) refers to os.o(i.OS_AddThread) for OS_AddThread
    lab2.o(i.realmain) refers to os.o(i.OS_Launch) for OS_Launch
    lab2.o(i.realmain) refers to lab2.o(.data) for DataLost
    lab2.o(i.realmain) refers to lab2.o(i.SW1Push) for SW1Push
    lab2.o(i.realmain) refers to lab2.o(i.DAS) for DAS
    lab2.o(i.realmain) refers to lab2.o(i.Interpreter) for Interpreter
    lab2.o(i.realmain) refers to lab2.o(i.Consumer) for Consumer
    lab2.o(i.realmain) refers to lab2.o(i.PID) for PID
    lab2.o(i.threadblock1) refers to lab2.o(.data) for block1
    lab2.o(i.threadblock2) refers to lab2.o(.data) for block2
    __main.o(!!!main) refers to rtentry.o(.ARM.Collect$$rtentry$$00000000) for __rt_entry
    daddsub_clz.o(x$fpl$dadd) refers (Special) to usenofp.o(x$fpl$usenofp) for __I$use$fp
    daddsub_clz.o(x$fpl$dadd) refers to daddsub_clz.o(x$fpl$dsub) for _dsub1
    daddsub_clz.o(x$fpl$dadd) refers to dretinf.o(x$fpl$dretinf) for __fpl_dretinf
    daddsub_clz.o(x$fpl$dadd) refers to dnaninf.o(x$fpl$dnaninf) for __fpl_dnaninf
    daddsub_clz.o(x$fpl$drsb) refers (Special) to usenofp.o(x$fpl$usenofp) for __I$use$fp
    daddsub_clz.o(x$fpl$drsb) refers to daddsub_clz.o(x$fpl$dadd) for _dadd1
    daddsub_clz.o(x$fpl$drsb) refers to daddsub_clz.o(x$fpl$dsub) for _dsub1
    daddsub_clz.o(x$fpl$dsub) refers (Special) to usenofp.o(x$fpl$usenofp) for __I$use$fp
    daddsub_clz.o(x$fpl$dsub) refers to daddsub_clz.o(x$fpl$dadd) for _dadd1
    daddsub_clz.o(x$fpl$dsub) refers to dnaninf.o(x$fpl$dnaninf) for __fpl_dnaninf
    ddiv.o(x$fpl$drdiv) refers (Special) to usenofp.o(x$fpl$usenofp) for __I$use$fp
    ddiv.o(x$fpl$drdiv) refers to ddiv.o(x$fpl$ddiv) for ddiv_entry
    ddiv.o(x$fpl$ddiv) refers (Special) to usenofp.o(x$fpl$usenofp) for __I$use$fp
    ddiv.o(x$fpl$ddiv) refers to dretinf.o(x$fpl$dretinf) for __fpl_dretinf
    ddiv.o(x$fpl$ddiv) refers to dnaninf.o(x$fpl$dnaninf) for __fpl_dnaninf
    dfixu.o(x$fpl$dfixu) refers (Special) to usenofp.o(x$fpl$usenofp) for __I$use$fp
    dfixu.o(x$fpl$dfixu) refers to dnaninf.o(x$fpl$dnaninf) for __fpl_dnaninf
    dfixu.o(x$fpl$dfixur) refers (Special) to usenofp.o(x$fpl$usenofp) for __I$use$fp
    dfixu.o(x$fpl$dfixur) refers to dnaninf.o(x$fpl$dnaninf) for __fpl_dnaninf
    dflt_clz.o(x$fpl$dfltu) refers (Special) to usenofp.o(x$fpl$usenofp) for __I$use$fp
    dflt_clz.o(x$fpl$dflt) refers (Special) to usenofp.o(x$fpl$usenofp) for __I$use$fp
    dflt_clz.o(x$fpl$dfltn) refers (Special) to usenofp.o(x$fpl$usenofp) for __I$use$fp
    dmul.o(x$fpl$dmul) refers (Special) to usenofp.o(x$fpl$usenofp) for __I$use$fp
    dmul.o(x$fpl$dmul) refers to dretinf.o(x$fpl$dretinf) for __fpl_dretinf
    dmul.o(x$fpl$dmul) refers to dnaninf.o(x$fpl$dnaninf) for __fpl_dnaninf
    rtentry.o(.ARM.Collect$$rtentry$$00000000) refers (Special) to rtentry2.o(.ARM.Collect$$rtentry$$0000000A) for __rt_entry_li
    rtentry.o(.ARM.Collect$$rtentry$$00000000) refers (Special) to rtentry2.o(.ARM.Collect$$rtentry$$0000000D) for __rt_entry_main
    rtentry.o(.ARM.Collect$$rtentry$$00000000) refers (Special) to rtentry2.o(.ARM.Collect$$rtentry$$0000000C) for __rt_entry_postli_1
    rtentry.o(.ARM.Collect$$rtentry$$00000000) refers (Special) to rtentry2.o(.ARM.Collect$$rtentry$$00000009) for __rt_entry_postsh_1
    rtentry.o(.ARM.Collect$$rtentry$$00000000) refers (Special) to rtentry2.o(.ARM.Collect$$rtentry$$00000002) for __rt_entry_presh_1
    rtentry.o(.ARM.Collect$$rtentry$$00000000) refers (Special) to rtentry4.o(.ARM.Collect$$rtentry$$00000004) for __rt_entry_sh
    dnaninf.o(x$fpl$dnaninf) refers (Special) to usenofp.o(x$fpl$usenofp) for __I$use$fp
    dretinf.o(x$fpl$dretinf) refers (Special) to usenofp.o(x$fpl$usenofp) for __I$use$fp
    rtentry2.o(.ARM.Collect$$rtentry$$00000008) refers to boardinit2.o(.text) for _platform_post_stackheap_init
    rtentry2.o(.ARM.Collect$$rtentry$$0000000A) refers to libinit.o(.ARM.Collect$$libinit$$00000000) for __rt_lib_init
    rtentry2.o(.ARM.Collect$$rtentry$$0000000B) refers to boardinit3.o(.text) for _platform_post_lib_init
    rtentry2.o(.ARM.Collect$$rtentry$$0000000D) refers to lab2.o(i.main) for main
    rtentry2.o(.ARM.Collect$$rtentry$$0000000D) refers to exit.o(.text) for exit
    rtentry2.o(.ARM.exidx) refers to rtentry2.o(.ARM.Collect$$rtentry$$00000001) for .ARM.Collect$$rtentry$$00000001
    rtentry2.o(.ARM.exidx) refers to rtentry2.o(.ARM.Collect$$rtentry$$00000008) for .ARM.Collect$$rtentry$$00000008
    rtentry2.o(.ARM.exidx) refers to rtentry2.o(.ARM.Collect$$rtentry$$0000000A) for .ARM.Collect$$rtentry$$0000000A
    rtentry2.o(.ARM.exidx) refers to rtentry2.o(.ARM.Collect$$rtentry$$0000000B) for .ARM.Collect$$rtentry$$0000000B
    rtentry2.o(.ARM.exidx) refers to rtentry2.o(.ARM.Collect$$rtentry$$0000000D) for .ARM.Collect$$rtentry$$0000000D
    rtentry4.o(.ARM.Collect$$rtentry$$00000004) refers to sys_stackheap_outer.o(.text) for __user_setup_stackheap
    rtentry4.o(.ARM.exidx) refers to rtentry4.o(.ARM.Collect$$rtentry$$00000004) for .ARM.Collect$$rtentry$$00000004
    sys_stackheap_outer.o(.text) refers to libspace.o(.text) for __user_perproc_libspace
    sys_stackheap_outer.o(.text) refers to startup.o(.text) for __user_initial_stackheap
    exit.o(.text) refers to rtexit.o(.ARM.Collect$$rtexit$$00000000) for __rt_exit
    libinit.o(.ARM.Collect$$libinit$$00000000) refers (Special) to libinit2.o(.ARM.Collect$$libinit$$0000002C) for __rt_lib_init_alloca_1
    libinit.o(.ARM.Collect$$libinit$$00000000) refers (Special) to libinit2.o(.ARM.Collect$$libinit$$0000002A) for __rt_lib_init_argv_1
    libinit.o(.ARM.Collect$$libinit$$00000000) refers (Special) to libinit2.o(.ARM.Collect$$libinit$$00000019) for __rt_lib_init_atexit_1
    libinit.o(.ARM.Collect$$libinit$$00000000) refers (Special) to libinit2.o(.ARM.Collect$$libinit$$0000001F) for __rt_lib_init_clock_1
    libinit.o(.ARM.Collect$$libinit$$00000000) refers (Special) to libinit2.o(.ARM.Collect$$libinit$$00000030) for __rt_lib_init_cpp_1
    libinit.o(.ARM.Collect$$libinit$$00000000) refers (Special) to libinit2.o(.ARM.Collect$$libinit$$0000002E) for __rt_lib_init_exceptions_1
    libinit.o(.ARM.Collect$$libinit$$00000000) refers (Special) to libinit2.o(.ARM.Collect$$libinit$$00000002) for __rt_lib_init_fp_1
    libinit.o(.ARM.Collect$$libinit$$00000000) refers (Special) to libinit2.o(.ARM.Collect$$libinit$$0000001D) for __rt_lib_init_fp_trap_1
    libinit.o(.ARM.Collect$$libinit$$00000000) refers (Special) to libinit2.o(.ARM.Collect$$libinit$$00000021) for __rt_lib_init_getenv_1
    libinit.o(.ARM.Collect$$libinit$$00000000) refers (Special) to libinit2.o(.ARM.Collect$$libinit$$00000008) for __rt_lib_init_heap_1
    libinit.o(.ARM.Collect$$libinit$$00000000) refers (Special) to libinit2.o(.ARM.Collect$$libinit$$0000000F) for __rt_lib_init_lc_collate_1
    libinit.o(.ARM.Collect$$libinit$$00000000) refers (Special) to libinit2.o(.ARM.Collect$$libinit$$00000011) for __rt_lib_init_lc_ctype_1
    libinit.o(.ARM.Collect$$libinit$$00000000) refers (Special) to libinit2.o(.ARM.Collect$$libinit$$00000013) for __rt_lib_init_lc_monetary_1
    libinit.o(.ARM.Collect$$libinit$$00000000) refers (Special) to libinit2.o(.ARM.Collect$$libinit$$00000015) for __rt_lib_init_lc_numeric_1
    libinit.o(.ARM.Collect$$libinit$$00000000) refers (Special) to libinit2.o(.ARM.Collect$$libinit$$00000017) for __rt_lib_init_lc_time_1
    libinit.o(.ARM.Collect$$libinit$$00000000) refers (Special) to libinit2.o(.ARM.Collect$$libinit$$0000000C) for __rt_lib_init_rand_1
    libinit.o(.ARM.Collect$$libinit$$00000000) refers (Special) to libinit2.o(.ARM.Collect$$libinit$$00000031) for __rt_lib_init_return
    libinit.o(.ARM.Collect$$libinit$$00000000) refers (Special) to libinit2.o(.ARM.Collect$$libinit$$0000001B) for __rt_lib_init_signal_1
    libinit.o(.ARM.Collect$$libinit$$00000000) refers (Special) to libinit2.o(.ARM.Collect$$libinit$$00000023) for __rt_lib_init_stdio_1
    libinit.o(.ARM.Collect$$libinit$$00000000) refers (Special) to libinit2.o(.ARM.Collect$$libinit$$0000000A) for __rt_lib_init_user_alloc_1
    libspace.o(.text) refers to libspace.o(.bss) for __libspace_start
    rtexit.o(.ARM.Collect$$rtexit$$00000000) refers (Special) to rtexit2.o(.ARM.Collect$$rtexit$$00000004) for __rt_exit_exit
    rtexit.o(.ARM.Collect$$rtexit$$00000000) refers (Special) to rtexit2.o(.ARM.Collect$$rtexit$$00000003) for __rt_exit_ls
    rtexit.o(.ARM.Collect$$rtexit$$00000000) refers (Special) to rtexit2.o(.ARM.Collect$$rtexit$$00000002) for __rt_exit_prels_1
    rtexit.o(.ARM.exidx) refers (Special) to rtexit2.o(.ARM.Collect$$rtexit$$00000004) for __rt_exit_exit
    rtexit.o(.ARM.exidx) refers (Special) to rtexit2.o(.ARM.Collect$$rtexit$$00000003) for __rt_exit_ls
    rtexit.o(.ARM.exidx) refers (Special) to rtexit2.o(.ARM.Collect$$rtexit$$00000002) for __rt_exit_prels_1
    rtexit.o(.ARM.exidx) refers to rtexit.o(.ARM.Collect$$rtexit$$00000000) for .ARM.Collect$$rtexit$$00000000
    libinit2.o(.ARM.Collect$$libinit$$0000000E) refers to libinit2.o(.ARM.Collect$$libinit$$0000000D) for .ARM.Collect$$libinit$$0000000D
    libinit2.o(.ARM.Collect$$libinit$$00000010) refers to libinit2.o(.ARM.Collect$$libinit$$0000000D) for .ARM.Collect$$libinit$$0000000D
    libinit2.o(.ARM.Collect$$libinit$$00000012) refers to libinit2.o(.ARM.Collect$$libinit$$0000000D) for .ARM.Collect$$libinit$$0000000D
    libinit2.o(.ARM.Collect$$libinit$$00000014) refers to libinit2.o(.ARM.Collect$$libinit$$0000000D) for .ARM.Collect$$libinit$$0000000D
    libinit2.o(.ARM.Collect$$libinit$$00000016) refers to libinit2.o(.ARM.Collect$$libinit$$0000000D) for .ARM.Collect$$libinit$$0000000D
    libinit2.o(.ARM.Collect$$libinit$$00000024) refers to argv_veneer.o(.emb_text) for __ARM_argv_veneer
    libinit2.o(.ARM.Collect$$libinit$$00000025) refers to argv_veneer.o(.emb_text) for __ARM_argv_veneer
    rtexit2.o(.ARM.Collect$$rtexit$$00000003) refers to libshutdown.o(.ARM.Collect$$libshutdown$$00000000) for __rt_lib_shutdown
    rtexit2.o(.ARM.Collect$$rtexit$$00000004) refers to sys_exit.o(.text) for _sys_exit
    rtexit2.o(.ARM.exidx) refers to rtexit2.o(.ARM.Collect$$rtexit$$00000001) for .ARM.Collect$$rtexit$$00000001
    rtexit2.o(.ARM.exidx) refers to rtexit2.o(.ARM.Collect$$rtexit$$00000003) for .ARM.Collect$$rtexit$$00000003
    rtexit2.o(.ARM.exidx) refers to rtexit2.o(.ARM.Collect$$rtexit$$00000004) for .ARM.Collect$$rtexit$$00000004
    argv_veneer.o(.emb_text) refers to no_argv.o(.text) for __ARM_get_argv
    sys_exit.o(.text) refers (Special) to use_no_semi.o(.text) for __I$use$semihosting
    sys_exit.o(.text) refers (Special) to indicate_semi.o(.text) for __semihosting_library_function
    _get_argv_nomalloc.o(.text) refers (Special) to hrguard.o(.text) for __heap_region$guard
    _get_argv_nomalloc.o(.text) refers to defsig_rtmem_outer.o(.text) for __rt_SIGRTMEM
    _get_argv_nomalloc.o(.text) refers to sys_command.o(.text) for _sys_command_string
    libshutdown.o(.ARM.Collect$$libshutdown$$00000000) refers (Special) to libshutdown2.o(.ARM.Collect$$libshutdown$$00000006) for __rt_lib_shutdown_fp_trap_1
    libshutdown.o(.ARM.Collect$$libshutdown$$00000000) refers (Special) to libshutdown2.o(.ARM.Collect$$libshutdown$$0000000E) for __rt_lib_shutdown_heap_1
    libshutdown.o(.ARM.Collect$$libshutdown$$00000000) refers (Special) to libshutdown2.o(.ARM.Collect$$libshutdown$$0000000F) for __rt_lib_shutdown_return
    libshutdown.o(.ARM.Collect$$libshutdown$$00000000) refers (Special) to libshutdown2.o(.ARM.Collect$$libshutdown$$00000009) for __rt_lib_shutdown_signal_1
    libshutdown.o(.ARM.Collect$$libshutdown$$00000000) refers (Special) to libshutdown2.o(.ARM.Collect$$libshutdown$$00000003) for __rt_lib_shutdown_stdio_1
    libshutdown.o(.ARM.Collect$$libshutdown$$00000000) refers (Special) to libshutdown2.o(.ARM.Collect$$libshutdown$$0000000B) for __rt_lib_shutdown_user_alloc_1
    sys_command.o(.text) refers (Special) to use_no_semi.o(.text) for __I$use$semihosting
    sys_command.o(.text) refers (Special) to indicate_semi.o(.text) for __semihosting_library_function
    defsig_rtmem_outer.o(.text) refers to defsig_rtmem_inner.o(.text) for __rt_SIGRTMEM_inner
    defsig_rtmem_outer.o(.text) refers to defsig_exit.o(.text) for __sig_exit
    defsig_rtmem_formal.o(.text) refers to rt_raise.o(.text) for __rt_raise
    rt_raise.o(.text) refers to __raise.o(.text) for __raise
    rt_raise.o(.text) refers to sys_exit.o(.text) for _sys_exit
    defsig_exit.o(.text) refers to sys_exit.o(.text) for _sys_exit
    defsig_rtmem_inner.o(.text) refers to defsig_general.o(.text) for __default_signal_display
    __raise.o(.text) refers to defsig.o(CL$$defsig) for __default_signal_handler
    defsig_general.o(.text) refers to sys_wrch.o(.text) for _ttywrch
    sys_wrch.o(.text) refers (Special) to use_no_semi.o(.text) for __I$use$semihosting
    sys_wrch.o(.text) refers (Special) to indicate_semi.o(.text) for __semihosting_library_function
    defsig.o(CL$$defsig) refers to defsig_rtmem_inner.o(.text) for __rt_SIGRTMEM_inner
    defsig_abrt_inner.o(.text) refers to defsig_general.o(.text) for __default_signal_display
    defsig_fpe_inner.o(.text) refers to defsig_general.o(.text) for __default_signal_display
    defsig_rtred_inner.o(.text) refers to defsig_general.o(.text) for __default_signal_display
    defsig_stak_inner.o(.text) refers to defsig_general.o(.text) for __default_signal_display
    defsig_pvfn_inner.o(.text) refers to defsig_general.o(.text) for __default_signal_display
    defsig_cppl_inner.o(.text) refers to defsig_general.o(.text) for __default_signal_display
    defsig_segv_inner.o(.text) refers to defsig_general.o(.text) for __default_signal_display
    defsig_other.o(.text) refers to defsig_general.o(.text) for __default_signal_display


==============================================================================

Removing Unused input sections from the image.

    Removing os.o(i.OS_AddSW1Task), (48 bytes).
    Removing os.o(i.OS_AddSW2Task), (48 bytes).
    Removing os.o(i.OS_ClearMsTime), (20 bytes).
    Removing os.o(i.OS_Fifo_Get), (72 bytes).
    Removing os.o(i.OS_Fifo_Init), (64 bytes).
    Removing os.o(i.OS_Fifo_Put), (84 bytes).
    Removing os.o(i.OS_Fifo_Size), (44 bytes).
    Removing os.o(i.OS_Id), (28 bytes).
    Removing os.o(i.OS_MailBox_Init), (28 bytes).
    Removing os.o(i.OS_MailBox_Recv), (36 bytes).
    Removing os.o(i.OS_MailBox_Send), (36 bytes).
    Removing os.o(i.OS_MsTime), (116 bytes).
    Removing os.o(i.OS_SW1Jitter), (116 bytes).
    Removing os.o(i.OS_SW2Jitter), (116 bytes).
    Removing os.o(i.OS_SWClearMsTime), (12 bytes).
    Removing os.o(i.OS_SWMsTime), (116 bytes).
    Removing os.o(i.OS_Signal), (236 bytes).
    Removing os.o(i.OS_Wait), (56 bytes).
    Removing os.o(i.OS_bSignal), (112 bytes).
    Removing os.o(i.OS_bWait), (52 bytes).
    Removing os.o(i.SW_Init), (232 bytes).
    Removing os.o(i.SysTick_Init), (68 bytes).
    Removing os.o(i.TCB_Fifo_Size), (16 bytes).
    Removing os.o(.constdata), (8 bytes).
    Removing adc.o(i.ADC0_InitTimer2ATriggerSeq3), (1068 bytes).
    Removing adc.o(i.ADC_Collect), (36 bytes).
    Removing adc.o(i.ADC_In), (12 bytes).
    Removing adc.o(i.ADC_Init), (1068 bytes).
    Removing adc.o(i.ADC_Status), (20 bytes).
    Removing st7735.o(i.Delay1ms), (32 bytes).
    Removing st7735.o(i.Output_Clear), (10 bytes).
    Removing st7735.o(i.Output_Color), (12 bytes).
    Removing st7735.o(i.Output_Init), (16 bytes).
    Removing st7735.o(i.Output_Off), (8 bytes).
    Removing st7735.o(i.Output_On), (8 bytes).
    Removing st7735.o(i.ST7735_Color565), (24 bytes).
    Removing st7735.o(i.ST7735_DrawBitmap), (288 bytes).
    Removing st7735.o(i.ST7735_DrawChar), (268 bytes).
    Removing st7735.o(i.ST7735_DrawCharS), (244 bytes).
    Removing st7735.o(i.ST7735_DrawFastHLine), (124 bytes).
    Removing st7735.o(i.ST7735_DrawFastVLine), (124 bytes).
    Removing st7735.o(i.ST7735_DrawPixel), (72 bytes).
    Removing st7735.o(i.ST7735_DrawString), (86 bytes).
    Removing st7735.o(i.ST7735_FillRect), (172 bytes).
    Removing st7735.o(i.ST7735_FillScreen), (36 bytes).
    Removing st7735.o(i.ST7735_InitB), (40 bytes).
    Removing st7735.o(i.ST7735_InitR), (136 bytes).
    Removing st7735.o(i.ST7735_InvertDisplay), (22 bytes).
    Removing st7735.o(i.ST7735_Message), (128 bytes).
    Removing st7735.o(i.ST7735_OutChar), (212 bytes).
    Removing st7735.o(i.ST7735_OutString), (24 bytes).
    Removing st7735.o(i.ST7735_OutUDec), (140 bytes).
    Removing st7735.o(i.ST7735_PlotBar), (88 bytes).
    Removing st7735.o(i.ST7735_PlotClear), (92 bytes).
    Removing st7735.o(i.ST7735_PlotLine), (264 bytes).
    Removing st7735.o(i.ST7735_PlotNext), (32 bytes).
    Removing st7735.o(i.ST7735_PlotNextErase), (64 bytes).
    Removing st7735.o(i.ST7735_PlotPoint), (152 bytes).
    Removing st7735.o(i.ST7735_PlotPoints), (172 bytes).
    Removing st7735.o(i.ST7735_PlotdBfs), (60 bytes).
    Removing st7735.o(i.ST7735_SetCursor), (32 bytes).
    Removing st7735.o(i.ST7735_SetRotation), (212 bytes).
    Removing st7735.o(i.ST7735_SetTextColor), (12 bytes).
    Removing st7735.o(i.ST7735_SwapColor), (18 bytes).
    Removing st7735.o(i.commandList), (86 bytes).
    Removing st7735.o(i.commonInit), (388 bytes).
    Removing st7735.o(i.ferror), (8 bytes).
    Removing st7735.o(i.fgetc), (6 bytes).
    Removing st7735.o(i.fillmessage), (72 bytes).
    Removing st7735.o(i.fputc), (16 bytes).
    Removing st7735.o(i.pushColor), (18 bytes).
    Removing st7735.o(i.setAddrWindow), (116 bytes).
    Removing st7735.o(i.writecommand), (48 bytes).
    Removing st7735.o(i.writedata), (32 bytes).
    Removing st7735.o(.bss), (12 bytes).
    Removing st7735.o(.constdata), (2018 bytes).
    Removing st7735.o(.data), (48 bytes).
    Removing uart.o(i.RxFifo_Get), (60 bytes).
    Removing uart.o(i.UART_InChar), (20 bytes).
    Removing uart.o(i.UART_InNum), (78 bytes).
    Removing uart.o(i.UART_InString), (70 bytes).
    Removing uart.o(i.UART_InUDec), (76 bytes).
    Removing uart.o(i.UART_InUHex), (108 bytes).
    Removing uart.o(i.UART_OutUHex), (52 bytes).
    Removing cr4_fft_64_stm32.o(.text), (718 bytes).
    Removing pid_stm32.o(.text), (72 bytes).
    Removing lab2.o(i.BackgroundThread1c), (28 bytes).
    Removing lab2.o(i.BackgroundThread1d), (72 bytes).
    Removing lab2.o(i.BackgroundThread5c), (32 bytes).
    Removing lab2.o(i.BackgroundThread5d), (32 bytes).
    Removing lab2.o(i.ButtonWork), (196 bytes).
    Removing lab2.o(i.Consumer), (148 bytes).
    Removing lab2.o(i.DAS), (200 bytes).
    Removing lab2.o(i.Display), (108 bytes).
    Removing lab2.o(i.Filter), (200 bytes).
    Removing lab2.o(i.Interpreter), (212 bytes).
    Removing lab2.o(i.MSthread), (24 bytes).
    Removing lab2.o(i.OutCRLF), (16 bytes).
    Removing lab2.o(i.OutputThread), (220 bytes).
    Removing lab2.o(i.PID), (124 bytes).
    Removing lab2.o(i.PortF_Init), (92 bytes).
    Removing lab2.o(i.Producer), (52 bytes).
    Removing lab2.o(i.SW1Push), (48 bytes).
    Removing lab2.o(i.SW2Push), (48 bytes).
    Removing lab2.o(i.Signal1), (68 bytes).
    Removing lab2.o(i.Signal2), (68 bytes).
    Removing lab2.o(i.Signal3), (76 bytes).
    Removing lab2.o(i.Testmain), (196 bytes).
    Removing lab2.o(i.Testmain1), (112 bytes).
    Removing lab2.o(i.Testmain2), (108 bytes).
    Removing lab2.o(i.Testmain3), (124 bytes).
    Removing lab2.o(i.Testmain4), (144 bytes).
    Removing lab2.o(i.Testmain6), (292 bytes).
    Removing lab2.o(i.Testmain7), (56 bytes).
    Removing lab2.o(i.Thread1), (44 bytes).
    Removing lab2.o(i.Thread1b), (64 bytes).
    Removing lab2.o(i.Thread2), (44 bytes).
    Removing lab2.o(i.Thread2b), (40 bytes).
    Removing lab2.o(i.Thread2c), (104 bytes).
    Removing lab2.o(i.Thread2d), (68 bytes).
    Removing lab2.o(i.Thread3), (44 bytes).
    Removing lab2.o(i.Thread3b), (40 bytes).
    Removing lab2.o(i.Thread3c), (24 bytes).
    Removing lab2.o(i.Thread3d), (40 bytes).
    Removing lab2.o(i.Thread4c), (44 bytes).
    Removing lab2.o(i.Thread4d), (56 bytes).
    Removing lab2.o(i.Thread5c), (60 bytes).
    Removing lab2.o(i.Thread8), (20 bytes).
    Removing lab2.o(i.Wait1), (56 bytes).
    Removing lab2.o(i.Wait2), (56 bytes).
    Removing lab2.o(i.Wait3), (56 bytes).
    Removing lab2.o(i.add), (20 bytes).
    Removing lab2.o(i.realmain), (192 bytes).
    Removing lab2.o(i.threadblock1), (36 bytes).
    Removing lab2.o(i.threadblock2), (36 bytes).
    Removing lab2.o(.constdata), (4 bytes).

136 unused section(s) (total 15758 bytes) removed from the image.

==============================================================================

Image Symbol Table

    Local Symbols

    Symbol Name                              Value     Ov Type        Size  Object(Section)

    RESET                                    0x00000000   Section      644  startup.o(RESET)
    ../clib/angel/boardlib.s                 0x00000000   Number         0  boardinit1.o ABSOLUTE
    ../clib/angel/boardlib.s                 0x00000000   Number         0  boardinit3.o ABSOLUTE
    ../clib/angel/boardlib.s                 0x00000000   Number         0  boardshut.o ABSOLUTE
    ../clib/angel/boardlib.s                 0x00000000   Number         0  boardinit2.o ABSOLUTE
    ../clib/angel/dczerorl.s                 0x00000000   Number         0  __dczerorl.o ABSOLUTE
    ../clib/angel/handlers.s                 0x00000000   Number         0  __scatter_zi.o ABSOLUTE
    ../clib/angel/kernel.s                   0x00000000   Number         0  rtexit.o ABSOLUTE
    ../clib/angel/kernel.s                   0x00000000   Number         0  rtentry.o ABSOLUTE
    ../clib/angel/kernel.s                   0x00000000   Number         0  rtentry2.o ABSOLUTE
    ../clib/angel/kernel.s                   0x00000000   Number         0  rtexit2.o ABSOLUTE
    ../clib/angel/kernel.s                   0x00000000   Number         0  rtentry4.o ABSOLUTE
    ../clib/angel/rt.s                       0x00000000   Number         0  rt_raise.o ABSOLUTE
    ../clib/angel/scatter.s                  0x00000000   Number         0  __scatter.o ABSOLUTE
    ../clib/angel/startup.s                  0x00000000   Number         0  __main.o ABSOLUTE
    ../clib/angel/sys.s                      0x00000000   Number         0  libspace.o ABSOLUTE
    ../clib/angel/sys.s                      0x00000000   Number         0  sys_stackheap_outer.o ABSOLUTE
    ../clib/angel/sys.s                      0x00000000   Number         0  use_no_semi.o ABSOLUTE
    ../clib/angel/sys.s                      0x00000000   Number         0  indicate_semi.o ABSOLUTE
    ../clib/angel/sysapp.c                   0x00000000   Number         0  sys_wrch.o ABSOLUTE
    ../clib/angel/sysapp.c                   0x00000000   Number         0  sys_exit.o ABSOLUTE
    ../clib/angel/sysapp.c                   0x00000000   Number         0  sys_command.o ABSOLUTE
    ../clib/armsys.c                         0x00000000   Number         0  argv_veneer.o ABSOLUTE
    ../clib/armsys.c                         0x00000000   Number         0  _get_argv_nomalloc.o ABSOLUTE
    ../clib/armsys.c                         0x00000000   Number         0  no_argv.o ABSOLUTE
    ../clib/armsys.c                         0x00000000   Number         0  argv_veneer.o ABSOLUTE
    ../clib/heapalloc.c                      0x00000000   Number         0  hrguard.o ABSOLUTE
    ../clib/heapaux.c                        0x00000000   Number         0  heapauxi.o ABSOLUTE
    ../clib/libinit.s                        0x00000000   Number         0  libshutdown.o ABSOLUTE
    ../clib/libinit.s                        0x00000000   Number         0  libshutdown2.o ABSOLUTE
    ../clib/libinit.s                        0x00000000   Number         0  libinit2.o ABSOLUTE
    ../clib/libinit.s                        0x00000000   Number         0  libinit.o ABSOLUTE
    ../clib/memcpset.s                       0x00000000   Number         0  rt_memcpy_w.o ABSOLUTE
    ../clib/signal.c                         0x00000000   Number         0  defsig_fpe_inner.o ABSOLUTE
    ../clib/signal.c                         0x00000000   Number         0  defsig_other.o ABSOLUTE
    ../clib/signal.c                         0x00000000   Number         0  defsig_segv_inner.o ABSOLUTE
    ../clib/signal.c                         0x00000000   Number         0  defsig_cppl_inner.o ABSOLUTE
    ../clib/signal.c                         0x00000000   Number         0  defsig_exit.o ABSOLUTE
    ../clib/signal.c                         0x00000000   Number         0  defsig_rtmem_inner.o ABSOLUTE
    ../clib/signal.c                         0x00000000   Number         0  defsig_general.o ABSOLUTE
    ../clib/signal.c                         0x00000000   Number         0  defsig_rtmem_outer.o ABSOLUTE
    ../clib/signal.c                         0x00000000   Number         0  defsig_rtmem_formal.o ABSOLUTE
    ../clib/signal.c                         0x00000000   Number         0  __raise.o ABSOLUTE
    ../clib/signal.c                         0x00000000   Number         0  defsig_pvfn_inner.o ABSOLUTE
    ../clib/signal.c                         0x00000000   Number         0  defsig_abrt_inner.o ABSOLUTE
    ../clib/signal.c                         0x00000000   Number         0  defsig_rtred_inner.o ABSOLUTE
    ../clib/signal.c                         0x00000000   Number         0  defsig_stak_inner.o ABSOLUTE
    ../clib/signal.s                         0x00000000   Number         0  defsig.o ABSOLUTE
    ../clib/stdlib.c                         0x00000000   Number         0  exit.o ABSOLUTE
    ../fplib/daddsub.s                       0x00000000   Number         0  daddsub_clz.o ABSOLUTE
    ../fplib/ddiv.s                          0x00000000   Number         0  ddiv.o ABSOLUTE
    ../fplib/dfixu.s                         0x00000000   Number         0  dfixu.o ABSOLUTE
    ../fplib/dflt.s                          0x00000000   Number         0  dflt_clz.o ABSOLUTE
    ../fplib/dmul.s                          0x00000000   Number         0  dmul.o ABSOLUTE
    ../fplib/dnaninf.s                       0x00000000   Number         0  dnaninf.o ABSOLUTE
    ../fplib/dretinf.s                       0x00000000   Number         0  dretinf.o ABSOLUTE
    ../fplib/fpinit.s                        0x00000000   Number         0  fpinit.o ABSOLUTE
    ../fplib/usenofp.s                       0x00000000   Number         0  usenofp.o ABSOLUTE
    ADC.c                                    0x00000000   Number         0  adc.o ABSOLUTE
    Lab2.c                                   0x00000000   Number         0  lab2.o ABSOLUTE
    PID_stm32.s                              0x00000000   Number         0  pid_stm32.o ABSOLUTE
    PLL.c                                    0x00000000   Number         0  pll.o ABSOLUTE
    ST7735.c                                 0x00000000   Number         0  st7735.o ABSOLUTE
    UART.c                                   0x00000000   Number         0  uart.o ABSOLUTE
    cr4_fft_64_stm32.s                       0x00000000   Number         0  cr4_fft_64_stm32.o ABSOLUTE
    dc.s                                     0x00000000   Number         0  dc.o ABSOLUTE
    os.c                                     0x00000000   Number         0  os.o ABSOLUTE
    osasm.s                                  0x00000000   Number         0  osasm.o ABSOLUTE
    startup.s                                0x00000000   Number         0  startup.o ABSOLUTE
    !!!main                                  0x00000284   Section        8  __main.o(!!!main)
    !!!scatter                               0x0000028c   Section       52  __scatter.o(!!!scatter)
    !!dczerorl                               0x000002c0   Section       58  __dczerorl.o(!!dczerorl)
    !!handler_zi                             0x000002fc   Section       28  __scatter_zi.o(!!handler_zi)
    .ARM.Collect$$libinit$$00000000          0x00000318   Section        2  libinit.o(.ARM.Collect$$libinit$$00000000)
    .ARM.Collect$$libinit$$00000002          0x0000031a   Section        0  libinit2.o(.ARM.Collect$$libinit$$00000002)
    .ARM.Collect$$libinit$$00000008          0x0000031a   Section        0  libinit2.o(.ARM.Collect$$libinit$$00000008)
    .ARM.Collect$$libinit$$0000000A          0x0000031a   Section        0  libinit2.o(.ARM.Collect$$libinit$$0000000A)
    .ARM.Collect$$libinit$$0000000C          0x0000031a   Section        0  libinit2.o(.ARM.Collect$$libinit$$0000000C)
    .ARM.Collect$$libinit$$0000000F          0x0000031a   Section        0  libinit2.o(.ARM.Collect$$libinit$$0000000F)
    .ARM.Collect$$libinit$$00000011          0x0000031a   Section        0  libinit2.o(.ARM.Collect$$libinit$$00000011)
    .ARM.Collect$$libinit$$00000013          0x0000031a   Section        0  libinit2.o(.ARM.Collect$$libinit$$00000013)
    .ARM.Collect$$libinit$$00000015          0x0000031a   Section        0  libinit2.o(.ARM.Collect$$libinit$$00000015)
    .ARM.Collect$$libinit$$00000017          0x0000031a   Section        0  libinit2.o(.ARM.Collect$$libinit$$00000017)
    .ARM.Collect$$libinit$$00000019          0x0000031a   Section        0  libinit2.o(.ARM.Collect$$libinit$$00000019)
    .ARM.Collect$$libinit$$0000001B          0x0000031a   Section        0  libinit2.o(.ARM.Collect$$libinit$$0000001B)
    .ARM.Collect$$libinit$$0000001D          0x0000031a   Section        0  libinit2.o(.ARM.Collect$$libinit$$0000001D)
    .ARM.Collect$$libinit$$0000001F          0x0000031a   Section        0  libinit2.o(.ARM.Collect$$libinit$$0000001F)
    .ARM.Collect$$libinit$$00000021          0x0000031a   Section        0  libinit2.o(.ARM.Collect$$libinit$$00000021)
    .ARM.Collect$$libinit$$00000023          0x0000031a   Section        0  libinit2.o(.ARM.Collect$$libinit$$00000023)
    .ARM.Collect$$libinit$$0000002A          0x0000031a   Section        0  libinit2.o(.ARM.Collect$$libinit$$0000002A)
    .ARM.Collect$$libinit$$0000002C          0x0000031a   Section        0  libinit2.o(.ARM.Collect$$libinit$$0000002C)
    .ARM.Collect$$libinit$$0000002E          0x0000031a   Section        0  libinit2.o(.ARM.Collect$$libinit$$0000002E)
    .ARM.Collect$$libinit$$00000030          0x0000031a   Section        0  libinit2.o(.ARM.Collect$$libinit$$00000030)
    .ARM.Collect$$libinit$$00000031          0x0000031a   Section        2  libinit2.o(.ARM.Collect$$libinit$$00000031)
    .ARM.Collect$$libshutdown$$00000000      0x0000031c   Section        2  libshutdown.o(.ARM.Collect$$libshutdown$$00000000)
    .ARM.Collect$$libshutdown$$00000003      0x0000031e   Section        0  libshutdown2.o(.ARM.Collect$$libshutdown$$00000003)
    .ARM.Collect$$libshutdown$$00000006      0x0000031e   Section        0  libshutdown2.o(.ARM.Collect$$libshutdown$$00000006)
    .ARM.Collect$$libshutdown$$00000009      0x0000031e   Section        0  libshutdown2.o(.ARM.Collect$$libshutdown$$00000009)
    .ARM.Collect$$libshutdown$$0000000B      0x0000031e   Section        0  libshutdown2.o(.ARM.Collect$$libshutdown$$0000000B)
    .ARM.Collect$$libshutdown$$0000000E      0x0000031e   Section        0  libshutdown2.o(.ARM.Collect$$libshutdown$$0000000E)
    .ARM.Collect$$libshutdown$$0000000F      0x0000031e   Section        2  libshutdown2.o(.ARM.Collect$$libshutdown$$0000000F)
    .ARM.Collect$$rtentry$$00000000          0x00000320   Section        0  rtentry.o(.ARM.Collect$$rtentry$$00000000)
    .ARM.Collect$$rtentry$$00000002          0x00000320   Section        0  rtentry2.o(.ARM.Collect$$rtentry$$00000002)
    .ARM.Collect$$rtentry$$00000004          0x00000320   Section        6  rtentry4.o(.ARM.Collect$$rtentry$$00000004)
    .ARM.Collect$$rtentry$$00000009          0x00000326   Section        0  rtentry2.o(.ARM.Collect$$rtentry$$00000009)
    .ARM.Collect$$rtentry$$0000000A          0x00000326   Section        4  rtentry2.o(.ARM.Collect$$rtentry$$0000000A)
    .ARM.Collect$$rtentry$$0000000C          0x0000032a   Section        0  rtentry2.o(.ARM.Collect$$rtentry$$0000000C)
    .ARM.Collect$$rtentry$$0000000D          0x0000032a   Section        8  rtentry2.o(.ARM.Collect$$rtentry$$0000000D)
    .ARM.Collect$$rtexit$$00000000           0x00000332   Section        2  rtexit.o(.ARM.Collect$$rtexit$$00000000)
    .ARM.Collect$$rtexit$$00000002           0x00000334   Section        0  rtexit2.o(.ARM.Collect$$rtexit$$00000002)
    .ARM.Collect$$rtexit$$00000003           0x00000334   Section        4  rtexit2.o(.ARM.Collect$$rtexit$$00000003)
    .ARM.Collect$$rtexit$$00000004           0x00000338   Section        6  rtexit2.o(.ARM.Collect$$rtexit$$00000004)
    .text                                    0x00000340   Section       48  startup.o(.text)
    .text                                    0x00000370   Section       80  osasm.o(.text)
    .text                                    0x000003c0   Section        0  heapauxi.o(.text)
    .text                                    0x000003c6   Section       74  sys_stackheap_outer.o(.text)
    .text                                    0x00000410   Section        0  exit.o(.text)
    .text                                    0x0000041c   Section        8  libspace.o(.text)
    .text                                    0x00000424   Section        0  sys_exit.o(.text)
    .text                                    0x00000430   Section        2  use_no_semi.o(.text)
    .text                                    0x00000432   Section        0  indicate_semi.o(.text)
    i.ADC0Seq3_Handler                       0x00000434   Section        0  adc.o(i.ADC0Seq3_Handler)
    i.GPIOPortF_Handler                      0x00000460   Section        0  os.o(i.GPIOPortF_Handler)
    i.Jitter                                 0x000004f4   Section        0  lab2.o(i.Jitter)
    i.OS_AddPeriodicThread                   0x00000538   Section        0  os.o(i.OS_AddPeriodicThread)
    i.OS_AddThread                           0x0000073c   Section        0  os.o(i.OS_AddThread)
    i.OS_Init                                0x00000900   Section        0  os.o(i.OS_Init)
    i.OS_InitSemaphore                       0x00000944   Section        0  os.o(i.OS_InitSemaphore)
    i.OS_Kill                                0x00000948   Section        0  os.o(i.OS_Kill)
    i.OS_Launch                              0x000009c8   Section        0  os.o(i.OS_Launch)
    i.OS_Sleep                               0x000009f4   Section        0  os.o(i.OS_Sleep)
    i.OS_Suspend                             0x00000a38   Section        0  os.o(i.OS_Suspend)
    i.OS_Time                                0x00000a54   Section        0  os.o(i.OS_Time)
    i.OS_TimeDifference                      0x00000a84   Section        0  os.o(i.OS_TimeDifference)
    i.PLL_Init                               0x00000a8c   Section        0  pll.o(i.PLL_Init)
    i.PortE_Init                             0x00000b08   Section        0  lab2.o(i.PortE_Init)
    i.PseudoWork                             0x00000b70   Section        0  lab2.o(i.PseudoWork)
    i.RxFifo_Init                            0x00000b90   Section        0  uart.o(i.RxFifo_Init)
    i.RxFifo_Put                             0x00000bb4   Section        0  uart.o(i.RxFifo_Put)
    i.RxFifo_Size                            0x00000bf0   Section        0  uart.o(i.RxFifo_Size)
    i.Scheduler                              0x00000c08   Section        0  os.o(i.Scheduler)
    i.SetInitialStack                        0x00000ce0   Section        0  os.o(i.SetInitialStack)
    i.SysTick_Handler                        0x00000dcc   Section        0  os.o(i.SysTick_Handler)
    i.TCB_Fifo_Get                           0x00000e80   Section        0  os.o(i.TCB_Fifo_Get)
    i.TCB_Fifo_Init                          0x00000eb8   Section        0  os.o(i.TCB_Fifo_Init)
    i.TCB_Fifo_Put                           0x00000ef0   Section        0  os.o(i.TCB_Fifo_Put)
    i.TCB_Signal                             0x00000f2c   Section        0  os.o(i.TCB_Signal)
    i.TCB_Wait                               0x00000f44   Section        0  os.o(i.TCB_Wait)
    i.TaskA                                  0x00000f70   Section        0  lab2.o(i.TaskA)
    i.TaskB                                  0x00001010   Section        0  lab2.o(i.TaskB)
    i.Testmain5                              0x000010b0   Section        0  lab2.o(i.Testmain5)
    i.Thread6                                0x00001128   Section        0  lab2.o(i.Thread6)
    i.Thread7                                0x00001150   Section        0  lab2.o(i.Thread7)
    i.Timer2A_Handler                        0x000011a0   Section        0  os.o(i.Timer2A_Handler)
    i.Timer3A_Handler                        0x000011b8   Section        0  os.o(i.Timer3A_Handler)
    i.TxFifo_Get                             0x000011d0   Section        0  uart.o(i.TxFifo_Get)
    i.TxFifo_Init                            0x0000120c   Section        0  uart.o(i.TxFifo_Init)
    i.TxFifo_Put                             0x00001230   Section        0  uart.o(i.TxFifo_Put)
    i.TxFifo_Size                            0x0000126c   Section        0  uart.o(i.TxFifo_Size)
    i.UART0_Handler                          0x00001284   Section        0  uart.o(i.UART0_Handler)
    i.UART_Init                              0x000012dc   Section        0  uart.o(i.UART_Init)
    i.UART_OutChar                           0x000013a4   Section        0  uart.o(i.UART_OutChar)
    i.UART_OutString                         0x000013d8   Section        0  uart.o(i.UART_OutString)
    i.UART_OutUDec                           0x000013f0   Section        0  uart.o(i.UART_OutUDec)
    i.copyHardwareToSoftware                 0x0000141c   Section        0  uart.o(i.copyHardwareToSoftware)
    copyHardwareToSoftware                   0x0000141d   Thumb Code    36  uart.o(i.copyHardwareToSoftware)
    i.copySoftwareToHardware                 0x00001444   Section        0  uart.o(i.copySoftwareToHardware)
    copySoftwareToHardware                   0x00001445   Thumb Code    38  uart.o(i.copySoftwareToHardware)
    i.main                                   0x00001470   Section        0  lab2.o(i.main)
    .data                                    0x20000000   Section      144  os.o(.data)
    LastTime                                 0x2000001c   Data           4  os.o(.data)
    ignore                                   0x20000020   Data           1  os.o(.data)
    LastTime                                 0x20000024   Data           4  os.o(.data)
    ignore                                   0x20000028   Data           1  os.o(.data)
    State4                                   0x2000004c   Data           4  os.o(.data)
    State0                                   0x20000050   Data           4  os.o(.data)
    .data                                    0x20000090   Section       12  adc.o(.data)
    .data                                    0x2000009c   Section       16  uart.o(.data)
    .data                                    0x200000ac   Section      168  lab2.o(.data)
    n                                        0x200000b8   Data           4  lab2.o(.data)
    LastTime                                 0x200000bc   Data           4  lab2.o(.data)
    i                                        0x200000c0   Data           4  lab2.o(.data)
    ALastTime                                0x200000c4   Data           4  lab2.o(.data)
    Aignore                                  0x200000c8   Data           1  lab2.o(.data)
    BLastTime                                0x200000cc   Data           4  lab2.o(.data)
    Bignore                                  0x200000d0   Data           1  lab2.o(.data)
    result                                   0x200000d4   Data           4  lab2.o(.data)
    .bss                                     0x20000154   Section     6200  os.o(.bss)
    TCBFifo                                  0x200018bc   Data          40  os.o(.bss)
    Fifo                                     0x2000190c   Data         128  os.o(.bss)
    .bss                                     0x2000198c   Section      128  uart.o(.bss)
    RxFifo                                   0x2000198c   Data          64  uart.o(.bss)
    TxFifo                                   0x200019cc   Data          64  uart.o(.bss)
    .bss                                     0x20001a0c   Section     1328  lab2.o(.bss)
    x                                        0x20001d0c   Data          24  lab2.o(.bss)
    y                                        0x20001d24   Data          24  lab2.o(.bss)
    .bss                                     0x20001f3c   Section       96  libspace.o(.bss)
    HEAP                                     0x20001fa0   Section        0  startup.o(HEAP)
    STACK                                    0x20001fa0   Section     1024  startup.o(STACK)
    HeapMem                                  0x20001fa0   Data           0  startup.o(HEAP)
    StackMem                                 0x20001fa0   Data           0  startup.o(STACK)

    Global Symbols

    Symbol Name                              Value     Ov Type        Size  Object(Section)

    BuildAttributes$$THM_ISAv4$E$P$D$K$B$S$7EM$PE$A:L22UL41UL21$X:L11$S22US41US21$IEEE1$IW$USESV6$~STKCKD$USESV7$~SHL$OSPACE$ROPI$EBA8$UX$STANDARDLIB$REQ8$PRES8$EABIv2 0x00000000   Number         0  anon$$obj.o ABSOLUTE
    __ARM_use_no_argv                        0x00000000   Number         0  lab2.o ABSOLUTE
    __Vectors                                0x00000000   Data           0  startup.o(RESET)
    __ARM_exceptions_init                     - Undefined Weak Reference
    __alloca_initialize                       - Undefined Weak Reference
    __cpp_initialize__aeabi_                  - Undefined Weak Reference
    __cxa_finalize                            - Undefined Weak Reference
    __rt_locale                               - Undefined Weak Reference
    __sigvec_lookup                           - Undefined Weak Reference
    _atexit_init                              - Undefined Weak Reference
    _call_atexit_fns                          - Undefined Weak Reference
    _clock_init                               - Undefined Weak Reference
    _fp_trap_init                             - Undefined Weak Reference
    _fp_trap_shutdown                         - Undefined Weak Reference
    _get_lc_collate                           - Undefined Weak Reference
    _get_lc_ctype                             - Undefined Weak Reference
    _get_lc_monetary                          - Undefined Weak Reference
    _get_lc_numeric                           - Undefined Weak Reference
    _get_lc_time                              - Undefined Weak Reference
    _getenv_init                              - Undefined Weak Reference
    _handle_redirection                       - Undefined Weak Reference
    _init_alloc                               - Undefined Weak Reference
    _init_user_alloc                          - Undefined Weak Reference
    _initio                                   - Undefined Weak Reference
    _rand_init                                - Undefined Weak Reference
    _signal_finish                            - Undefined Weak Reference
    _signal_init                              - Undefined Weak Reference
    _terminate_alloc                          - Undefined Weak Reference
    _terminate_user_alloc                     - Undefined Weak Reference
    _terminateio                              - Undefined Weak Reference
    Reset_Handler                            0x0000026d   Thumb Code     0  startup.o(RESET)
    NMI_Handler                              0x00000271   Thumb Code     2  startup.o(RESET)
    HardFault_Handler                        0x00000273   Thumb Code     2  startup.o(RESET)
    MemManage_Handler                        0x00000275   Thumb Code     2  startup.o(RESET)
    BusFault_Handler                         0x00000277   Thumb Code     2  startup.o(RESET)
    UsageFault_Handler                       0x00000279   Thumb Code     2  startup.o(RESET)
    SVC_Handler                              0x0000027b   Thumb Code     2  startup.o(RESET)
    DebugMon_Handler                         0x0000027d   Thumb Code     2  startup.o(RESET)
    ADC0Seq0_Handler                         0x00000283   Thumb Code     0  startup.o(RESET)
    ADC0Seq1_Handler                         0x00000283   Thumb Code     0  startup.o(RESET)
    ADC0Seq2_Handler                         0x00000283   Thumb Code     0  startup.o(RESET)
    ADC1Seq0_Handler                         0x00000283   Thumb Code     0  startup.o(RESET)
    ADC1Seq1_Handler                         0x00000283   Thumb Code     0  startup.o(RESET)
    ADC1Seq2_Handler                         0x00000283   Thumb Code     0  startup.o(RESET)
    ADC1Seq3_Handler                         0x00000283   Thumb Code     0  startup.o(RESET)
    CAN0_Handler                             0x00000283   Thumb Code     0  startup.o(RESET)
    CAN1_Handler                             0x00000283   Thumb Code     0  startup.o(RESET)
    CAN2_Handler                             0x00000283   Thumb Code     0  startup.o(RESET)
    Comp0_Handler                            0x00000283   Thumb Code     0  startup.o(RESET)
    Comp1_Handler                            0x00000283   Thumb Code     0  startup.o(RESET)
    Comp2_Handler                            0x00000283   Thumb Code     0  startup.o(RESET)
    Ethernet_Handler                         0x00000283   Thumb Code     0  startup.o(RESET)
    ExtBus_Handler                           0x00000283   Thumb Code     0  startup.o(RESET)
    FPU_Handler                              0x00000283   Thumb Code     0  startup.o(RESET)
    Fan0_Handler                             0x00000283   Thumb Code     0  startup.o(RESET)
    FlashCtl_Handler                         0x00000283   Thumb Code     0  startup.o(RESET)
    GPIOPortA_Handler                        0x00000283   Thumb Code     0  startup.o(RESET)
    GPIOPortB_Handler                        0x00000283   Thumb Code     0  startup.o(RESET)
    GPIOPortC_Handler                        0x00000283   Thumb Code     0  startup.o(RESET)
    GPIOPortD_Handler                        0x00000283   Thumb Code     0  startup.o(RESET)
    GPIOPortE_Handler                        0x00000283   Thumb Code     0  startup.o(RESET)
    GPIOPortG_Handler                        0x00000283   Thumb Code     0  startup.o(RESET)
    GPIOPortH_Handler                        0x00000283   Thumb Code     0  startup.o(RESET)
    GPIOPortJ_Handler                        0x00000283   Thumb Code     0  startup.o(RESET)
    GPIOPortK_Handler                        0x00000283   Thumb Code     0  startup.o(RESET)
    GPIOPortL_Handler                        0x00000283   Thumb Code     0  startup.o(RESET)
    GPIOPortM_Handler                        0x00000283   Thumb Code     0  startup.o(RESET)
    GPIOPortN_Handler                        0x00000283   Thumb Code     0  startup.o(RESET)
    GPIOPortP1_Handler                       0x00000283   Thumb Code     0  startup.o(RESET)
    GPIOPortP2_Handler                       0x00000283   Thumb Code     0  startup.o(RESET)
    GPIOPortP3_Handler                       0x00000283   Thumb Code     0  startup.o(RESET)
    GPIOPortP4_Handler                       0x00000283   Thumb Code     0  startup.o(RESET)
    GPIOPortP5_Handler                       0x00000283   Thumb Code     0  startup.o(RESET)
    GPIOPortP6_Handler                       0x00000283   Thumb Code     0  startup.o(RESET)
    GPIOPortP7_Handler                       0x00000283   Thumb Code     0  startup.o(RESET)
    GPIOPortP_Handler                        0x00000283   Thumb Code     0  startup.o(RESET)
    GPIOPortQ1_Handler                       0x00000283   Thumb Code     0  startup.o(RESET)
    GPIOPortQ2_Handler                       0x00000283   Thumb Code     0  startup.o(RESET)
    GPIOPortQ3_Handler                       0x00000283   Thumb Code     0  startup.o(RESET)
    GPIOPortQ4_Handler                       0x00000283   Thumb Code     0  startup.o(RESET)
    GPIOPortQ5_Handler                       0x00000283   Thumb Code     0  startup.o(RESET)
    GPIOPortQ6_Handler                       0x00000283   Thumb Code     0  startup.o(RESET)
    GPIOPortQ7_Handler                       0x00000283   Thumb Code     0  startup.o(RESET)
    GPIOPortQ_Handler                        0x00000283   Thumb Code     0  startup.o(RESET)
    GPIOPortR_Handler                        0x00000283   Thumb Code     0  startup.o(RESET)
    GPIOPortS_Handler                        0x00000283   Thumb Code     0  startup.o(RESET)
    Hibernate_Handler                        0x00000283   Thumb Code     0  startup.o(RESET)
    I2C0_Handler                             0x00000283   Thumb Code     0  startup.o(RESET)
    I2C1_Handler                             0x00000283   Thumb Code     0  startup.o(RESET)
    I2C2_Handler                             0x00000283   Thumb Code     0  startup.o(RESET)
    I2C3_Handler                             0x00000283   Thumb Code     0  startup.o(RESET)
    I2C4_Handler                             0x00000283   Thumb Code     0  startup.o(RESET)
    I2C5_Handler                             0x00000283   Thumb Code     0  startup.o(RESET)
    I2S0_Handler                             0x00000283   Thumb Code     0  startup.o(RESET)
    LPC0_Handler                             0x00000283   Thumb Code     0  startup.o(RESET)
    PECI0_Handler                            0x00000283   Thumb Code     0  startup.o(RESET)
    PWM0Fault_Handler                        0x00000283   Thumb Code     0  startup.o(RESET)
    PWM0Generator0_Handler                   0x00000283   Thumb Code     0  startup.o(RESET)
    PWM0Generator1_Handler                   0x00000283   Thumb Code     0  startup.o(RESET)
    PWM0Generator2_Handler                   0x00000283   Thumb Code     0  startup.o(RESET)
    PWM0Generator3_Handler                   0x00000283   Thumb Code     0  startup.o(RESET)
    PWM1Fault_Handler                        0x00000283   Thumb Code     0  startup.o(RESET)
    PWM1Generator0_Handler                   0x00000283   Thumb Code     0  startup.o(RESET)
    PWM1Generator1_Handler                   0x00000283   Thumb Code     0  startup.o(RESET)
    PWM1Generator2_Handler                   0x00000283   Thumb Code     0  startup.o(RESET)
    PWM1Generator3_Handler                   0x00000283   Thumb Code     0  startup.o(RESET)
    Quadrature0_Handler                      0x00000283   Thumb Code     0  startup.o(RESET)
    Quadrature1_Handler                      0x00000283   Thumb Code     0  startup.o(RESET)
    Quadrature2_Handler                      0x00000283   Thumb Code     0  startup.o(RESET)
    SSI0_Handler                             0x00000283   Thumb Code     0  startup.o(RESET)
    SSI1_Handler                             0x00000283   Thumb Code     0  startup.o(RESET)
    SSI2_Handler                             0x00000283   Thumb Code     0  startup.o(RESET)
    SSI3_Handler                             0x00000283   Thumb Code     0  startup.o(RESET)
    SysCtl_Handler                           0x00000283   Thumb Code     0  startup.o(RESET)
    Timer0A_Handler                          0x00000283   Thumb Code     0  startup.o(RESET)
    Timer0B_Handler                          0x00000283   Thumb Code     0  startup.o(RESET)
    Timer1A_Handler                          0x00000283   Thumb Code     0  startup.o(RESET)
    Timer1B_Handler                          0x00000283   Thumb Code     0  startup.o(RESET)
    Timer2B_Handler                          0x00000283   Thumb Code     0  startup.o(RESET)
    Timer3B_Handler                          0x00000283   Thumb Code     0  startup.o(RESET)
    Timer4A_Handler                          0x00000283   Thumb Code     0  startup.o(RESET)
    Timer4B_Handler                          0x00000283   Thumb Code     0  startup.o(RESET)
    Timer5A_Handler                          0x00000283   Thumb Code     0  startup.o(RESET)
    Timer5B_Handler                          0x00000283   Thumb Code     0  startup.o(RESET)
    UART1_Handler                            0x00000283   Thumb Code     0  startup.o(RESET)
    UART2_Handler                            0x00000283   Thumb Code     0  startup.o(RESET)
    UART3_Handler                            0x00000283   Thumb Code     0  startup.o(RESET)
    UART4_Handler                            0x00000283   Thumb Code     0  startup.o(RESET)
    UART5_Handler                            0x00000283   Thumb Code     0  startup.o(RESET)
    UART6_Handler                            0x00000283   Thumb Code     0  startup.o(RESET)
    UART7_Handler                            0x00000283   Thumb Code     0  startup.o(RESET)
    USB0_Handler                             0x00000283   Thumb Code     0  startup.o(RESET)
    WDT_Handler                              0x00000283   Thumb Code     0  startup.o(RESET)
    WideTimer0A_Handler                      0x00000283   Thumb Code     0  startup.o(RESET)
    WideTimer0B_Handler                      0x00000283   Thumb Code     0  startup.o(RESET)
    WideTimer1A_Handler                      0x00000283   Thumb Code     0  startup.o(RESET)
    WideTimer1B_Handler                      0x00000283   Thumb Code     0  startup.o(RESET)
    WideTimer2A_Handler                      0x00000283   Thumb Code     0  startup.o(RESET)
    WideTimer2B_Handler                      0x00000283   Thumb Code     0  startup.o(RESET)
    WideTimer3A_Handler                      0x00000283   Thumb Code     0  startup.o(RESET)
    WideTimer3B_Handler                      0x00000283   Thumb Code     0  startup.o(RESET)
    WideTimer4A_Handler                      0x00000283   Thumb Code     0  startup.o(RESET)
    WideTimer4B_Handler                      0x00000283   Thumb Code     0  startup.o(RESET)
    WideTimer5A_Handler                      0x00000283   Thumb Code     0  startup.o(RESET)
    WideTimer5B_Handler                      0x00000283   Thumb Code     0  startup.o(RESET)
    uDMA_Error                               0x00000283   Thumb Code     0  startup.o(RESET)
    uDMA_Handler                             0x00000283   Thumb Code     0  startup.o(RESET)
    __main                                   0x00000285   Thumb Code     8  __main.o(!!!main)
    __scatterload                            0x0000028d   Thumb Code     0  __scatter.o(!!!scatter)
    __scatterload_rt2                        0x0000028d   Thumb Code    44  __scatter.o(!!!scatter)
    __scatterload_rt2_thumb_only             0x0000028d   Thumb Code     0  __scatter.o(!!!scatter)
    __scatterload_null                       0x0000029b   Thumb Code     0  __scatter.o(!!!scatter)
    __decompress                             0x000002c1   Thumb Code    58  __dczerorl.o(!!dczerorl)
    __decompress0                            0x000002c1   Thumb Code     0  __dczerorl.o(!!dczerorl)
    __scatterload_zeroinit                   0x000002fd   Thumb Code    28  __scatter_zi.o(!!handler_zi)
    __rt_lib_init                            0x00000319   Thumb Code     0  libinit.o(.ARM.Collect$$libinit$$00000000)
    __rt_lib_init_alloca_1                   0x0000031b   Thumb Code     0  libinit2.o(.ARM.Collect$$libinit$$0000002C)
    __rt_lib_init_argv_1                     0x0000031b   Thumb Code     0  libinit2.o(.ARM.Collect$$libinit$$0000002A)
    __rt_lib_init_atexit_1                   0x0000031b   Thumb Code     0  libinit2.o(.ARM.Collect$$libinit$$00000019)
    __rt_lib_init_clock_1                    0x0000031b   Thumb Code     0  libinit2.o(.ARM.Collect$$libinit$$0000001F)
    __rt_lib_init_cpp_1                      0x0000031b   Thumb Code     0  libinit2.o(.ARM.Collect$$libinit$$00000030)
    __rt_lib_init_exceptions_1               0x0000031b   Thumb Code     0  libinit2.o(.ARM.Collect$$libinit$$0000002E)
    __rt_lib_init_fp_1                       0x0000031b   Thumb Code     0  libinit2.o(.ARM.Collect$$libinit$$00000002)
    __rt_lib_init_fp_trap_1                  0x0000031b   Thumb Code     0  libinit2.o(.ARM.Collect$$libinit$$0000001D)
    __rt_lib_init_getenv_1                   0x0000031b   Thumb Code     0  libinit2.o(.ARM.Collect$$libinit$$00000021)
    __rt_lib_init_heap_1                     0x0000031b   Thumb Code     0  libinit2.o(.ARM.Collect$$libinit$$00000008)
    __rt_lib_init_lc_collate_1               0x0000031b   Thumb Code     0  libinit2.o(.ARM.Collect$$libinit$$0000000F)
    __rt_lib_init_lc_ctype_1                 0x0000031b   Thumb Code     0  libinit2.o(.ARM.Collect$$libinit$$00000011)
    __rt_lib_init_lc_monetary_1              0x0000031b   Thumb Code     0  libinit2.o(.ARM.Collect$$libinit$$00000013)
    __rt_lib_init_lc_numeric_1               0x0000031b   Thumb Code     0  libinit2.o(.ARM.Collect$$libinit$$00000015)
    __rt_lib_init_lc_time_1                  0x0000031b   Thumb Code     0  libinit2.o(.ARM.Collect$$libinit$$00000017)
    __rt_lib_init_rand_1                     0x0000031b   Thumb Code     0  libinit2.o(.ARM.Collect$$libinit$$0000000C)
    __rt_lib_init_return                     0x0000031b   Thumb Code     0  libinit2.o(.ARM.Collect$$libinit$$00000031)
    __rt_lib_init_signal_1                   0x0000031b   Thumb Code     0  libinit2.o(.ARM.Collect$$libinit$$0000001B)
    __rt_lib_init_stdio_1                    0x0000031b   Thumb Code     0  libinit2.o(.ARM.Collect$$libinit$$00000023)
    __rt_lib_init_user_alloc_1               0x0000031b   Thumb Code     0  libinit2.o(.ARM.Collect$$libinit$$0000000A)
    __rt_lib_shutdown                        0x0000031d   Thumb Code     0  libshutdown.o(.ARM.Collect$$libshutdown$$00000000)
    __rt_lib_shutdown_fp_trap_1              0x0000031f   Thumb Code     0  libshutdown2.o(.ARM.Collect$$libshutdown$$00000006)
    __rt_lib_shutdown_heap_1                 0x0000031f   Thumb Code     0  libshutdown2.o(.ARM.Collect$$libshutdown$$0000000E)
    __rt_lib_shutdown_return                 0x0000031f   Thumb Code     0  libshutdown2.o(.ARM.Collect$$libshutdown$$0000000F)
    __rt_lib_shutdown_signal_1               0x0000031f   Thumb Code     0  libshutdown2.o(.ARM.Collect$$libshutdown$$00000009)
    __rt_lib_shutdown_stdio_1                0x0000031f   Thumb Code     0  libshutdown2.o(.ARM.Collect$$libshutdown$$00000003)
    __rt_lib_shutdown_user_alloc_1           0x0000031f   Thumb Code     0  libshutdown2.o(.ARM.Collect$$libshutdown$$0000000B)
    __rt_entry                               0x00000321   Thumb Code     0  rtentry.o(.ARM.Collect$$rtentry$$00000000)
    __rt_entry_presh_1                       0x00000321   Thumb Code     0  rtentry2.o(.ARM.Collect$$rtentry$$00000002)
    __rt_entry_sh                            0x00000321   Thumb Code     0  rtentry4.o(.ARM.Collect$$rtentry$$00000004)
    __rt_entry_li                            0x00000327   Thumb Code     0  rtentry2.o(.ARM.Collect$$rtentry$$0000000A)
    __rt_entry_postsh_1                      0x00000327   Thumb Code     0  rtentry2.o(.ARM.Collect$$rtentry$$00000009)
    __rt_entry_main                          0x0000032b   Thumb Code     0  rtentry2.o(.ARM.Collect$$rtentry$$0000000D)
    __rt_entry_postli_1                      0x0000032b   Thumb Code     0  rtentry2.o(.ARM.Collect$$rtentry$$0000000C)
    __rt_exit                                0x00000333   Thumb Code     0  rtexit.o(.ARM.Collect$$rtexit$$00000000)
    __rt_exit_ls                             0x00000335   Thumb Code     0  rtexit2.o(.ARM.Collect$$rtexit$$00000003)
    __rt_exit_prels_1                        0x00000335   Thumb Code     0  rtexit2.o(.ARM.Collect$$rtexit$$00000002)
    __rt_exit_exit                           0x00000339   Thumb Code     0  rtexit2.o(.ARM.Collect$$rtexit$$00000004)
    DisableInterrupts                        0x00000341   Thumb Code     0  startup.o(.text)
    EnableInterrupts                         0x00000345   Thumb Code     0  startup.o(.text)
    StartCritical                            0x00000349   Thumb Code     0  startup.o(.text)
    EndCritical                              0x00000351   Thumb Code     0  startup.o(.text)
    WaitForInterrupt                         0x00000357   Thumb Code     0  startup.o(.text)
    __user_initial_stackheap                 0x0000035b   Thumb Code     0  startup.o(.text)
    OS_DisableInterrupts                     0x00000371   Thumb Code     0  osasm.o(.text)
    OS_EnableInterrupts                      0x00000375   Thumb Code     0  osasm.o(.text)
    StartOS                                  0x00000379   Thumb Code     0  osasm.o(.text)
    PendSV_Handler                           0x00000399   Thumb Code     0  osasm.o(.text)
    __use_two_region_memory                  0x000003c1   Thumb Code     2  heapauxi.o(.text)
    __rt_heap_escrow$2region                 0x000003c3   Thumb Code     2  heapauxi.o(.text)
    __rt_heap_expand$2region                 0x000003c5   Thumb Code     2  heapauxi.o(.text)
    __user_setup_stackheap                   0x000003c7   Thumb Code    74  sys_stackheap_outer.o(.text)
    exit                                     0x00000411   Thumb Code    12  exit.o(.text)
    __user_libspace                          0x0000041d   Thumb Code     8  libspace.o(.text)
    __user_perproc_libspace                  0x0000041d   Thumb Code     0  libspace.o(.text)
    __user_perthread_libspace                0x0000041d   Thumb Code     0  libspace.o(.text)
    _sys_exit                                0x00000425   Thumb Code     8  sys_exit.o(.text)
    __I$use$semihosting                      0x00000431   Thumb Code     0  use_no_semi.o(.text)
    __use_no_semihosting_swi                 0x00000431   Thumb Code     2  use_no_semi.o(.text)
    __semihosting_library_function           0x00000433   Thumb Code     0  indicate_semi.o(.text)
    ADC0Seq3_Handler                         0x00000435   Thumb Code    28  adc.o(i.ADC0Seq3_Handler)
    GPIOPortF_Handler                        0x00000461   Thumb Code   114  os.o(i.GPIOPortF_Handler)
    Jitter                                   0x000004f5   Thumb Code    32  lab2.o(i.Jitter)
    OS_AddPeriodicThread                     0x00000539   Thumb Code   484  os.o(i.OS_AddPeriodicThread)
    OS_AddThread                             0x0000073d   Thumb Code   436  os.o(i.OS_AddThread)
    OS_Init                                  0x00000901   Thumb Code    56  os.o(i.OS_Init)
    OS_InitSemaphore                         0x00000945   Thumb Code     4  os.o(i.OS_InitSemaphore)
    OS_Kill                                  0x00000949   Thumb Code   116  os.o(i.OS_Kill)
    OS_Launch                                0x000009c9   Thumb Code    36  os.o(i.OS_Launch)
    OS_Sleep                                 0x000009f5   Thumb Code    54  os.o(i.OS_Sleep)
    OS_Suspend                               0x00000a39   Thumb Code    24  os.o(i.OS_Suspend)
    OS_Time                                  0x00000a55   Thumb Code    44  os.o(i.OS_Time)
    OS_TimeDifference                        0x00000a85   Thumb Code     6  os.o(i.OS_TimeDifference)
    PLL_Init                                 0x00000a8d   Thumb Code   118  pll.o(i.PLL_Init)
    PortE_Init                               0x00000b09   Thumb Code    86  lab2.o(i.PortE_Init)
    PseudoWork                               0x00000b71   Thumb Code    32  lab2.o(i.PseudoWork)
    RxFifo_Init                              0x00000b91   Thumb Code    26  uart.o(i.RxFifo_Init)
    RxFifo_Put                               0x00000bb5   Thumb Code    48  uart.o(i.RxFifo_Put)
    RxFifo_Size                              0x00000bf1   Thumb Code    14  uart.o(i.RxFifo_Size)
    Scheduler                                0x00000c09   Thumb Code   202  os.o(i.Scheduler)
    SetInitialStack                          0x00000ce1   Thumb Code   228  os.o(i.SetInitialStack)
    SysTick_Handler                          0x00000dcd   Thumb Code   150  os.o(i.SysTick_Handler)
    TCB_Fifo_Get                             0x00000e81   Thumb Code    44  os.o(i.TCB_Fifo_Get)
    TCB_Fifo_Init                            0x00000eb9   Thumb Code    38  os.o(i.TCB_Fifo_Init)
    TCB_Fifo_Put                             0x00000ef1   Thumb Code    46  os.o(i.TCB_Fifo_Put)
    TCB_Signal                               0x00000f2d   Thumb Code    24  os.o(i.TCB_Signal)
    TCB_Wait                                 0x00000f45   Thumb Code    44  os.o(i.TCB_Wait)
    TaskA                                    0x00000f71   Thumb Code   130  lab2.o(i.TaskA)
    TaskB                                    0x00001011   Thumb Code   130  lab2.o(i.TaskB)
    Testmain5                                0x000010b1   Thumb Code    90  lab2.o(i.Testmain5)
    Thread6                                  0x00001129   Thumb Code    32  lab2.o(i.Thread6)
    Thread7                                  0x00001151   Thumb Code    32  lab2.o(i.Thread7)
    Timer2A_Handler                          0x000011a1   Thumb Code    16  os.o(i.Timer2A_Handler)
    Timer3A_Handler                          0x000011b9   Thumb Code    16  os.o(i.Timer3A_Handler)
    TxFifo_Get                               0x000011d1   Thumb Code    46  uart.o(i.TxFifo_Get)
    TxFifo_Init                              0x0000120d   Thumb Code    26  uart.o(i.TxFifo_Init)
    TxFifo_Put                               0x00001231   Thumb Code    48  uart.o(i.TxFifo_Put)
    TxFifo_Size                              0x0000126d   Thumb Code    14  uart.o(i.TxFifo_Size)
    UART0_Handler                            0x00001285   Thumb Code    82  uart.o(i.UART0_Handler)
    UART_Init                                0x000012dd   Thumb Code   174  uart.o(i.UART_Init)
    UART_OutChar                             0x000013a5   Thumb Code    46  uart.o(i.UART_OutChar)
    UART_OutString                           0x000013d9   Thumb Code    24  uart.o(i.UART_OutString)
    UART_OutUDec                             0x000013f1   Thumb Code    42  uart.o(i.UART_OutUDec)
    main                                     0x00001471   Thumb Code    10  lab2.o(i.main)
    Region$$Table$$Base                      0x0000147c   Number         0  anon$$obj.o(Region$$Table)
    Region$$Table$$Limit                     0x0000149c   Number         0  anon$$obj.o(Region$$Table)
    Id                                       0x20000000   Data           4  os.o(.data)
    TimerFlag                                0x20000004   Data           4  os.o(.data)
    sw1_active                               0x20000008   Data           4  os.o(.data)
    sw2_active                               0x2000000c   Data           4  os.o(.data)
    Num                                      0x20000010   Data           4  os.o(.data)
    SysCounter                               0x20000014   Data           4  os.o(.data)
    Counter                                  0x20000018   Data           4  os.o(.data)
    BlockPt                                  0x2000002c   Data           4  os.o(.data)
    RunPt                                    0x20000030   Data           4  os.o(.data)
    NextPt                                   0x20000034   Data           4  os.o(.data)
    TCBPutPt                                 0x20000038   Data           4  os.o(.data)
    TCBGetPt                                 0x2000003c   Data           4  os.o(.data)
    TCBCurrentSize                           0x20000040   Data           4  os.o(.data)
    PeriodicTask1                            0x20000044   Data           4  os.o(.data)
    PeriodicTask2                            0x20000048   Data           4  os.o(.data)
    SW1Task                                  0x20000054   Data           4  os.o(.data)
    SW2Task                                  0x20000058   Data           4  os.o(.data)
    SWCounter                                0x2000005c   Data           4  os.o(.data)
    TimeSlice                                0x20000060   Data           4  os.o(.data)
    lasttime                                 0x20000064   Data           4  os.o(.data)
    PutPt                                    0x20000068   Data           4  os.o(.data)
    GetPt                                    0x2000006c   Data           4  os.o(.data)
    CurrentSize                              0x20000070   Data           4  os.o(.data)
    FIFOmutex                                0x20000074   Data           4  os.o(.data)
    LostData                                 0x20000078   Data           4  os.o(.data)
    Mail                                     0x2000007c   Data           4  os.o(.data)
    BoxFree                                  0x20000080   Data           4  os.o(.data)
    DataValid                                0x20000084   Data           4  os.o(.data)
    SW1MaxJitter                             0x20000088   Data           4  os.o(.data)
    SW2MaxJitter                             0x2000008c   Data           4  os.o(.data)
    flag                                     0x20000090   Data           4  adc.o(.data)
    ADCvalue                                 0x20000094   Data           4  adc.o(.data)
    ADCTask                                  0x20000098   Data           4  adc.o(.data)
    RxPutI                                   0x2000009c   Data           4  uart.o(.data)
    RxGetI                                   0x200000a0   Data           4  uart.o(.data)
    TxPutI                                   0x200000a4   Data           4  uart.o(.data)
    TxGetI                                   0x200000a8   Data           4  uart.o(.data)
    ADC_collect_status                       0x200000ac   Data           4  lab2.o(.data)
    block1                                   0x200000b0   Data           4  lab2.o(.data)
    block2                                   0x200000b4   Data           4  lab2.o(.data)
    NumCreated                               0x200000d8   Data           4  lab2.o(.data)
    PIDWork                                  0x200000dc   Data           4  lab2.o(.data)
    FilterWork                               0x200000e0   Data           4  lab2.o(.data)
    NumSamples                               0x200000e4   Data           4  lab2.o(.data)
    DataLost                                 0x200000e8   Data           4  lab2.o(.data)
    MaxJitter                                0x200000ec   Data           4  lab2.o(.data)
    TotalWithI1                              0x200000f0   Data           4  lab2.o(.data)
    MaxWithI1                                0x200000f4   Data           2  lab2.o(.data)
    DASoutput                                0x200000f8   Data           4  lab2.o(.data)
    IntTerm                                  0x200000fc   Data           2  lab2.o(.data)
    PrevError                                0x200000fe   Data           2  lab2.o(.data)
    Coeff                                    0x20000100   Data           6  lab2.o(.data)
    Actuator                                 0x20000106   Data           2  lab2.o(.data)
    Count1                                   0x20000108   Data           4  lab2.o(.data)
    Count2                                   0x2000010c   Data           4  lab2.o(.data)
    Count3                                   0x20000110   Data           4  lab2.o(.data)
    Count4                                   0x20000114   Data           4  lab2.o(.data)
    Count5                                   0x20000118   Data           4  lab2.o(.data)
    Readyc                                   0x2000011c   Data           4  lab2.o(.data)
    Lost                                     0x20000120   Data           4  lab2.o(.data)
    Readyd                                   0x20000124   Data           4  lab2.o(.data)
    CountA                                   0x20000128   Data           4  lab2.o(.data)
    CountB                                   0x2000012c   Data           4  lab2.o(.data)
    TaskAJitter                              0x20000130   Data           4  lab2.o(.data)
    TaskBJitter                              0x20000134   Data           4  lab2.o(.data)
    s                                        0x20000138   Data           4  lab2.o(.data)
    SignalCount1                             0x2000013c   Data           4  lab2.o(.data)
    SignalCount2                             0x20000140   Data           4  lab2.o(.data)
    SignalCount3                             0x20000144   Data           4  lab2.o(.data)
    WaitCount1                               0x20000148   Data           4  lab2.o(.data)
    WaitCount2                               0x2000014c   Data           4  lab2.o(.data)
    WaitCount3                               0x20000150   Data           4  lab2.o(.data)
    SW1JitterHistogram                       0x20000154   Data         256  os.o(.bss)
    SW2JitterHistogram                       0x20000254   Data         256  os.o(.bss)
    tcbs                                     0x20000354   Data         360  os.o(.bss)
    Stacks                                   0x200004bc   Data        5120  os.o(.bss)
    SleepMatrix                              0x200018e4   Data          40  os.o(.bss)
    JitterHistogram                          0x20001a0c   Data         256  lab2.o(.bss)
    TaskAJitterHistogram                     0x20001b0c   Data         256  lab2.o(.bss)
    TaskBJitterHistogram                     0x20001c0c   Data         256  lab2.o(.bss)
    x                                        0x20001d3c   Data         256  lab2.o(.bss)
    y                                        0x20001e3c   Data         256  lab2.o(.bss)
    __libspace_start                         0x20001f3c   Data          96  libspace.o(.bss)
    __temporary_stack_top$libspace           0x20001f9c   Data           0  libspace.o(.bss)



==============================================================================

Memory Map of the image

  Image Entry point : 0x0000026d

  Load Region LR_1 (Base: 0x00000000, Size: 0x000015f0, Max: 0xffffffff, ABSOLUTE, COMPRESSED[0x000014a4])

    Execution Region ER_RO (Base: 0x00000000, Size: 0x0000149c, Max: 0xffffffff, ABSOLUTE)

    Base Addr    Size         Type   Attr      Idx    E Section Name        Object

    0x00000000   0x00000284   Code   RO            3  * RESET               startup.o
    0x00000284   0x00000008   Code   RO         1163  * !!!main             c_w.l(__main.o)
    0x0000028c   0x00000034   Code   RO         1346    !!!scatter          c_w.l(__scatter.o)
    0x000002c0   0x0000003a   Code   RO         1344    !!dczerorl          c_w.l(__dczerorl.o)
    0x000002fa   0x00000002   PAD
    0x000002fc   0x0000001c   Code   RO         1348    !!handler_zi        c_w.l(__scatter_zi.o)
    0x00000318   0x00000002   Code   RO         1217    .ARM.Collect$$libinit$$00000000  c_w.l(libinit.o)
    0x0000031a   0x00000000   Code   RO         1224    .ARM.Collect$$libinit$$00000002  c_w.l(libinit2.o)
    0x0000031a   0x00000000   Code   RO         1227    .ARM.Collect$$libinit$$00000008  c_w.l(libinit2.o)
    0x0000031a   0x00000000   Code   RO         1229    .ARM.Collect$$libinit$$0000000A  c_w.l(libinit2.o)
    0x0000031a   0x00000000   Code   RO         1231    .ARM.Collect$$libinit$$0000000C  c_w.l(libinit2.o)
    0x0000031a   0x00000000   Code   RO         1234    .ARM.Collect$$libinit$$0000000F  c_w.l(libinit2.o)
    0x0000031a   0x00000000   Code   RO         1236    .ARM.Collect$$libinit$$00000011  c_w.l(libinit2.o)
    0x0000031a   0x00000000   Code   RO         1238    .ARM.Collect$$libinit$$00000013  c_w.l(libinit2.o)
    0x0000031a   0x00000000   Code   RO         1240    .ARM.Collect$$libinit$$00000015  c_w.l(libinit2.o)
    0x0000031a   0x00000000   Code   RO         1242    .ARM.Collect$$libinit$$00000017  c_w.l(libinit2.o)
    0x0000031a   0x00000000   Code   RO         1244    .ARM.Collect$$libinit$$00000019  c_w.l(libinit2.o)
    0x0000031a   0x00000000   Code   RO         1246    .ARM.Collect$$libinit$$0000001B  c_w.l(libinit2.o)
    0x0000031a   0x00000000   Code   RO         1248    .ARM.Collect$$libinit$$0000001D  c_w.l(libinit2.o)
    0x0000031a   0x00000000   Code   RO         1250    .ARM.Collect$$libinit$$0000001F  c_w.l(libinit2.o)
    0x0000031a   0x00000000   Code   RO         1252    .ARM.Collect$$libinit$$00000021  c_w.l(libinit2.o)
    0x0000031a   0x00000000   Code   RO         1254    .ARM.Collect$$libinit$$00000023  c_w.l(libinit2.o)
    0x0000031a   0x00000000   Code   RO         1258    .ARM.Collect$$libinit$$0000002A  c_w.l(libinit2.o)
    0x0000031a   0x00000000   Code   RO         1260    .ARM.Collect$$libinit$$0000002C  c_w.l(libinit2.o)
    0x0000031a   0x00000000   Code   RO         1262    .ARM.Collect$$libinit$$0000002E  c_w.l(libinit2.o)
    0x0000031a   0x00000000   Code   RO         1264    .ARM.Collect$$libinit$$00000030  c_w.l(libinit2.o)
    0x0000031a   0x00000002   Code   RO         1265    .ARM.Collect$$libinit$$00000031  c_w.l(libinit2.o)
    0x0000031c   0x00000002   Code   RO         1285    .ARM.Collect$$libshutdown$$00000000  c_w.l(libshutdown.o)
    0x0000031e   0x00000000   Code   RO         1299    .ARM.Collect$$libshutdown$$00000003  c_w.l(libshutdown2.o)
    0x0000031e   0x00000000   Code   RO         1302    .ARM.Collect$$libshutdown$$00000006  c_w.l(libshutdown2.o)
    0x0000031e   0x00000000   Code   RO         1305    .ARM.Collect$$libshutdown$$00000009  c_w.l(libshutdown2.o)
    0x0000031e   0x00000000   Code   RO         1307    .ARM.Collect$$libshutdown$$0000000B  c_w.l(libshutdown2.o)
    0x0000031e   0x00000000   Code   RO         1310    .ARM.Collect$$libshutdown$$0000000E  c_w.l(libshutdown2.o)
    0x0000031e   0x00000002   Code   RO         1311    .ARM.Collect$$libshutdown$$0000000F  c_w.l(libshutdown2.o)
    0x00000320   0x00000000   Code   RO         1187    .ARM.Collect$$rtentry$$00000000  c_w.l(rtentry.o)
    0x00000320   0x00000000   Code   RO         1194    .ARM.Collect$$rtentry$$00000002  c_w.l(rtentry2.o)
    0x00000320   0x00000006   Code   RO         1206    .ARM.Collect$$rtentry$$00000004  c_w.l(rtentry4.o)
    0x00000326   0x00000000   Code   RO         1196    .ARM.Collect$$rtentry$$00000009  c_w.l(rtentry2.o)
    0x00000326   0x00000004   Code   RO         1197    .ARM.Collect$$rtentry$$0000000A  c_w.l(rtentry2.o)
    0x0000032a   0x00000000   Code   RO         1199    .ARM.Collect$$rtentry$$0000000C  c_w.l(rtentry2.o)
    0x0000032a   0x00000008   Code   RO         1200    .ARM.Collect$$rtentry$$0000000D  c_w.l(rtentry2.o)
    0x00000332   0x00000002   Code   RO         1221    .ARM.Collect$$rtexit$$00000000  c_w.l(rtexit.o)
    0x00000334   0x00000000   Code   RO         1267    .ARM.Collect$$rtexit$$00000002  c_w.l(rtexit2.o)
    0x00000334   0x00000004   Code   RO         1268    .ARM.Collect$$rtexit$$00000003  c_w.l(rtexit2.o)
    0x00000338   0x00000006   Code   RO         1269    .ARM.Collect$$rtexit$$00000004  c_w.l(rtexit2.o)
    0x0000033e   0x00000002   PAD
    0x00000340   0x00000030   Code   RO            4    .text               startup.o
    0x00000370   0x00000050   Code   RO           12    .text               osasm.o
    0x000003c0   0x00000006   Code   RO         1161    .text               c_w.l(heapauxi.o)
    0x000003c6   0x0000004a   Code   RO         1208    .text               c_w.l(sys_stackheap_outer.o)
    0x00000410   0x0000000c   Code   RO         1210    .text               c_w.l(exit.o)
    0x0000041c   0x00000008   Code   RO         1218    .text               c_w.l(libspace.o)
    0x00000424   0x0000000c   Code   RO         1277    .text               c_w.l(sys_exit.o)
    0x00000430   0x00000002   Code   RO         1288    .text               c_w.l(use_no_semi.o)
    0x00000432   0x00000000   Code   RO         1290    .text               c_w.l(indicate_semi.o)
    0x00000432   0x00000002   PAD
    0x00000434   0x0000002c   Code   RO          325    i.ADC0Seq3_Handler  adc.o
    0x00000460   0x00000094   Code   RO           15    i.GPIOPortF_Handler  os.o
    0x000004f4   0x00000044   Code   RO          802    i.Jitter            lab2.o
    0x00000538   0x00000204   Code   RO           16    i.OS_AddPeriodicThread  os.o
    0x0000073c   0x000001c4   Code   RO           19    i.OS_AddThread      os.o
    0x00000900   0x00000044   Code   RO           26    i.OS_Init           os.o
    0x00000944   0x00000004   Code   RO           27    i.OS_InitSemaphore  os.o
    0x00000948   0x00000080   Code   RO           28    i.OS_Kill           os.o
    0x000009c8   0x0000002c   Code   RO           29    i.OS_Launch         os.o
    0x000009f4   0x00000044   Code   RO           39    i.OS_Sleep          os.o
    0x00000a38   0x0000001c   Code   RO           40    i.OS_Suspend        os.o
    0x00000a54   0x00000030   Code   RO           41    i.OS_Time           os.o
    0x00000a84   0x00000006   Code   RO           42    i.OS_TimeDifference  os.o
    0x00000a8a   0x00000002   PAD
    0x00000a8c   0x0000007c   Code   RO          310    i.PLL_Init          pll.o
    0x00000b08   0x00000068   Code   RO          807    i.PortE_Init        lab2.o
    0x00000b70   0x00000020   Code   RO          810    i.PseudoWork        lab2.o
    0x00000b90   0x00000024   Code   RO          650    i.RxFifo_Init       uart.o
    0x00000bb4   0x0000003c   Code   RO          651    i.RxFifo_Put        uart.o
    0x00000bf0   0x00000018   Code   RO          652    i.RxFifo_Size       uart.o
    0x00000c08   0x000000d8   Code   RO           47    i.Scheduler         os.o
    0x00000ce0   0x000000ec   Code   RO           48    i.SetInitialStack   os.o
    0x00000dcc   0x000000b4   Code   RO           49    i.SysTick_Handler   os.o
    0x00000e80   0x00000038   Code   RO           51    i.TCB_Fifo_Get      os.o
    0x00000eb8   0x00000038   Code   RO           52    i.TCB_Fifo_Init     os.o
    0x00000ef0   0x0000003c   Code   RO           53    i.TCB_Fifo_Put      os.o
    0x00000f2c   0x00000018   Code   RO           55    i.TCB_Signal        os.o
    0x00000f44   0x0000002c   Code   RO           56    i.TCB_Wait          os.o
    0x00000f70   0x000000a0   Code   RO          816    i.TaskA             lab2.o
    0x00001010   0x000000a0   Code   RO          817    i.TaskB             lab2.o
    0x000010b0   0x00000078   Code   RO          823    i.Testmain5         lab2.o
    0x00001128   0x00000028   Code   RO          839    i.Thread6           lab2.o
    0x00001150   0x00000050   Code   RO          840    i.Thread7           lab2.o
    0x000011a0   0x00000018   Code   RO           57    i.Timer2A_Handler   os.o
    0x000011b8   0x00000018   Code   RO           58    i.Timer3A_Handler   os.o
    0x000011d0   0x0000003c   Code   RO          653    i.TxFifo_Get        uart.o
    0x0000120c   0x00000024   Code   RO          654    i.TxFifo_Init       uart.o
    0x00001230   0x0000003c   Code   RO          655    i.TxFifo_Put        uart.o
    0x0000126c   0x00000018   Code   RO          656    i.TxFifo_Size       uart.o
    0x00001284   0x00000058   Code   RO          657    i.UART0_Handler     uart.o
    0x000012dc   0x000000c8   Code   RO          663    i.UART_Init         uart.o
    0x000013a4   0x00000034   Code   RO          664    i.UART_OutChar      uart.o
    0x000013d8   0x00000018   Code   RO          665    i.UART_OutString    uart.o
    0x000013f0   0x0000002a   Code   RO          666    i.UART_OutUDec      uart.o
    0x0000141a   0x00000002   PAD
    0x0000141c   0x00000028   Code   RO          668    i.copyHardwareToSoftware  uart.o
    0x00001444   0x0000002c   Code   RO          669    i.copySoftwareToHardware  uart.o
    0x00001470   0x0000000a   Code   RO          846    i.main              lab2.o
    0x0000147a   0x00000002   PAD
    0x0000147c   0x00000020   Data   RO         1342    Region$$Table       anon$$obj.o


    Execution Region ER_RW (Base: 0x20000000, Size: 0x00000154, Max: 0xffffffff, ABSOLUTE, COMPRESSED[0x00000008])

    Base Addr    Size         Type   Attr      Idx    E Section Name        Object

    0x20000000   0x00000090   Data   RW           61    .data               os.o
    0x20000090   0x0000000c   Data   RW          331    .data               adc.o
    0x2000009c   0x00000010   Data   RW          671    .data               uart.o
    0x200000ac   0x000000a8   Data   RW          852    .data               lab2.o


    Execution Region ER_ZI (Base: 0x20000154, Size: 0x0000224c, Max: 0xffffffff, ABSOLUTE)

    Base Addr    Size         Type   Attr      Idx    E Section Name        Object

    0x20000154   0x00001838   Zero   RW           59    .bss                os.o
    0x2000198c   0x00000080   Zero   RW          670    .bss                uart.o
    0x20001a0c   0x00000530   Zero   RW          850    .bss                lab2.o
    0x20001f3c   0x00000060   Zero   RW         1219    .bss                c_w.l(libspace.o)
    0x20001f9c   0x00000004   PAD
    0x20001fa0   0x00000000   Zero   RW            2    HEAP                startup.o
    0x20001fa0   0x00000400   Zero   RW            1    STACK               startup.o


==============================================================================

Image component sizes


      Code (inc. data)   RO Data    RW Data    ZI Data      Debug   Object Name

        44         16          0         12          0       1848   adc.o
       774        200          0        168       1328       8459   lab2.o
      2430        264          0        144       6200      19012   os.o
        80          8          0          0          0        212   osasm.o
       124          6          0          0          0        423   pll.o
       692        632          0          0       1024        916   startup.o
       790        126          0         16        128       7108   uart.o

    ----------------------------------------------------------------------
      4940       1252         32        340       8680      37978   Object Totals
         0          0         32          0          0          0   (incl. Generated)
         6          0          0          0          0          0   (incl. Padding)

    ----------------------------------------------------------------------

      Code (inc. data)   RO Data    RW Data    ZI Data      Debug   Library Member Name

        58          0          0          0          0          0   __dczerorl.o
         8          0          0          0          0         68   __main.o
        52          8          0          0          0          0   __scatter.o
        28          0          0          0          0          0   __scatter_zi.o
        12          0          0          0          0         72   exit.o
         6          0          0          0          0        152   heapauxi.o
         0          0          0          0          0          0   indicate_semi.o
         2          0          0          0          0          0   libinit.o
         2          0          0          0          0          0   libinit2.o
         2          0          0          0          0          0   libshutdown.o
         2          0          0          0          0          0   libshutdown2.o
         8          4          0          0         96         68   libspace.o
         0          0          0          0          0          0   rtentry.o
        12          0          0          0          0          0   rtentry2.o
         6          0          0          0          0          0   rtentry4.o
         2          0          0          0          0          0   rtexit.o
        10          0          0          0          0          0   rtexit2.o
        12          4          0          0          0         68   sys_exit.o
        74          0          0          0          0         80   sys_stackheap_outer.o
         2          0          0          0          0         68   use_no_semi.o

    ----------------------------------------------------------------------
       304         16          0          0        100        576   Library Totals
         6          0          0          0          4          0   (incl. Padding)

    ----------------------------------------------------------------------

      Code (inc. data)   RO Data    RW Data    ZI Data      Debug   Library Name

       298         16          0          0         96        576   c_w.l

    ----------------------------------------------------------------------
       304         16          0          0        100        576   Library Totals

    ----------------------------------------------------------------------

==============================================================================


      Code (inc. data)   RO Data    RW Data    ZI Data      Debug   

      5244       1268         32        340       8780      35954   Grand Totals
      5244       1268         32          8       8780      35954   ELF Image Totals (compressed)
      5244       1268         32          8          0          0   ROM Totals

==============================================================================

    Total RO  Size (Code + RO Data)                 5276 (   5.15kB)
    Total RW  Size (RW Data + ZI Data)              9120 (   8.91kB)
    Total ROM Size (Code + RO Data + RW Data)       5284 (   5.16kB)

==============================================================================

